This is pdfTeX, Version 3.141592653-2.6-1.40.28 (MiKTeX 25.12) (preloaded format=pdflatex 2026.7.7)  25 AUG 2026 16:27
entering extended mode
 restricted \write18 enabled.
 %&-line parsing enabled.
**./ResonanceRew2024.tex
(ResonanceRew2024.tex
LaTeX2e <2025-11-01>
L3 programming layer <2025-12-24>
(C:\Users\a12l\AppData\Local\Programs\MiKTeX\tex/latex/base\article.cls
Document Class: article 2025/01/22 v1.4n Standard LaTeX document class
(C:\Users\a12l\AppData\Local\Programs\MiKTeX\tex/latex/base\size12.clo
File: size12.clo 2025/01/22 v1.4n Standard LaTeX file (size option)
)
\c@part=\count275
\c@section=\count276
\c@subsection=\count277
\c@subsubsection=\count278
\c@paragraph=\count279
\c@subparagraph=\count280
\c@figure=\count281
\c@table=\count282
\abovecaptionskip=\skip49
\belowcaptionskip=\skip50
\bibindent=\dimen148
)
(C:\Users\a12l\AppData\Local\Programs\MiKTeX\tex/generic/iftex\ifpdf.sty
Package: ifpdf 2019/10/25 v3.4 ifpdf legacy package. Use iftex instead.

(C:\Users\a12l\AppData\Local\Programs\MiKTeX\tex/generic/iftex\iftex.sty
Package: iftex 2024/12/12 v1.0g TeX engine tests
))
(C:\Users\a12l\AppData\Local\Programs\MiKTeX\tex/latex/cmap\cmap.sty
Package: cmap 2021/02/06 v1.0j CMap support: searchable PDF
)
(C:\Users\a12l\AppData\Local\Programs\MiKTeX\tex/latex/graphics\graphicx.sty
Package: graphicx 2024/12/31 v1.2e Enhanced LaTeX Graphics (DPC,SPQR)

(C:\Users\a12l\AppData\Local\Programs\MiKTeX\tex/latex/graphics\keyval.sty
Package: keyval 2022/05/29 v1.15 key=value parser (DPC)
\KV@toks@=\toks17
)
(C:\Users\a12l\AppData\Local\Programs\MiKTeX\tex/latex/graphics\graphics.sty
Package: graphics 2024/08/06 v1.4g Standard LaTeX Graphics (DPC,SPQR)

(C:\Users\a12l\AppData\Local\Programs\MiKTeX\tex/latex/graphics\trig.sty
Package: trig 2023/12/02 v1.11 sin cos tan (DPC)
)
(C:\Users\a12l\AppData\Local\Programs\MiKTeX\tex/latex/graphics-cfg\graphics.cf
g
File: graphics.cfg 2016/06/04 v1.11 sample graphics configuration
)
Package graphics Info: Driver file: pdftex.def on input line 106.

(C:\Users\a12l\AppData\Local\Programs\MiKTeX\tex/latex/graphics-def\pdftex.def
File: pdftex.def 2025/09/29 v1.2d Graphics/color driver for pdftex
))
\Gin@req@height=\dimen149
\Gin@req@width=\dimen150
)
(C:\Users\a12l\AppData\Local\Programs\MiKTeX\tex/latex/epstopdf-pkg\epstopdf.st
y
Package: epstopdf 2020-01-24 v2.11 Conversion with epstopdf on the fly (HO)

(C:\Users\a12l\AppData\Local\Programs\MiKTeX\tex/generic/infwarerr\infwarerr.st
y
Package: infwarerr 2019/12/03 v1.5 Providing info/warning/error messages (HO)
) (C:\Users\a12l\AppData\Local\Programs\MiKTeX\tex/latex/grfext\grfext.sty
Package: grfext 2019/12/03 v1.3 Manage graphics extensions (HO)

(C:\Users\a12l\AppData\Local\Programs\MiKTeX\tex/generic/kvdefinekeys\kvdefinek
eys.sty
Package: kvdefinekeys 2019-12-19 v1.6 Define keys (HO)
))
(C:\Users\a12l\AppData\Local\Programs\MiKTeX\tex/latex/kvoptions\kvoptions.sty
Package: kvoptions 2022-06-15 v3.15 Key value format for package options (HO)

(C:\Users\a12l\AppData\Local\Programs\MiKTeX\tex/generic/ltxcmds\ltxcmds.sty
Package: ltxcmds 2023-12-04 v1.26 LaTeX kernel commands for general use (HO)
)
(C:\Users\a12l\AppData\Local\Programs\MiKTeX\tex/latex/kvsetkeys\kvsetkeys.sty
Package: kvsetkeys 2022-10-05 v1.19 Key value parser (HO)
))
(C:\Users\a12l\AppData\Local\Programs\MiKTeX\tex/generic/pdftexcmds\pdftexcmds.
sty
Package: pdftexcmds 2020-06-27 v0.33 Utility functions of pdfTeX for LuaTeX (HO
)
Package pdftexcmds Info: \pdf@primitive is available.
Package pdftexcmds Info: \pdf@ifprimitive is available.
Package pdftexcmds Info: \pdfdraftmode found.
)
(C:\Users\a12l\AppData\Local\Programs\MiKTeX\tex/latex/epstopdf-pkg\epstopdf-ba
se.sty
Package: epstopdf-base 2020-01-24 v2.11 Base part for package epstopdf
Package epstopdf-base Info: Redefining graphics rule for `.eps' on input line 4
85.
Package grfext Info: Graphics extension search list:
(grfext)             [.pdf,.png,.jpg,.mps,.jpeg,.jbig2,.jb2,.PDF,.PNG,.JPG,.JPE
G,.JBIG2,.JB2,.eps]
(grfext)             \AppendGraphicsExtensions on input line 504.

(C:\Users\a12l\AppData\Local\Programs\MiKTeX\tex/latex/00miktex\epstopdf-sys.cf
g
File: epstopdf-sys.cfg 2021/03/18 v2.0 Configuration of epstopdf for MiKTeX
)))
(C:\Users\a12l\AppData\Local\Programs\MiKTeX\tex/latex/hyperref\hyperref.sty
Package: hyperref 2025-07-12 v7.01o Hypertext links for LaTeX

(C:\Users\a12l\AppData\Local\Programs\MiKTeX\tex/generic/pdfescape\pdfescape.st
y
Package: pdfescape 2019/12/09 v1.15 Implements pdfTeX's escape features (HO)
) (C:\Users\a12l\AppData\Local\Programs\MiKTeX\tex/latex/hycolor\hycolor.sty
Package: hycolor 2020-01-27 v1.10 Color options for hyperref/bookmark (HO)
)
(C:\Users\a12l\AppData\Local\Programs\MiKTeX\tex/latex/hyperref\nameref.sty
Package: nameref 2025-06-21 v2.57 Cross-referencing by name of section

(C:\Users\a12l\AppData\Local\Programs\MiKTeX\tex/latex/refcount\refcount.sty
Package: refcount 2019/12/15 v3.6 Data extraction from label references (HO)
)
(C:\Users\a12l\AppData\Local\Programs\MiKTeX\tex/generic/gettitlestring\gettitl
estring.sty
Package: gettitlestring 2019/12/15 v1.6 Cleanup title references (HO)
)
\c@section@level=\count283
)
(C:\Users\a12l\AppData\Local\Programs\MiKTeX\tex/latex/etoolbox\etoolbox.sty
Package: etoolbox 2025/10/02 v2.5m e-TeX tools for LaTeX (JAW)
\etb@tempcnta=\count284
)
(C:\Users\a12l\AppData\Local\Programs\MiKTeX\tex/generic/stringenc\stringenc.st
y
Package: stringenc 2019/11/29 v1.12 Convert strings between diff. encodings (HO
)
)
\@linkdim=\dimen151
\Hy@linkcounter=\count285
\Hy@pagecounter=\count286
 (C:\Users\a12l\AppData\Local\Programs\MiKTeX\tex/latex/hyperref\pd1enc.def
File: pd1enc.def 2025-07-12 v7.01o Hyperref: PDFDocEncoding definition (HO)
Now handling font encoding PD1 ...
... no UTF-8 mapping file for font encoding PD1
)
(C:\Users\a12l\AppData\Local\Programs\MiKTeX\tex/generic/intcalc\intcalc.sty
Package: intcalc 2019/12/15 v1.3 Expandable calculations with integers (HO)
)
\Hy@SavedSpaceFactor=\count287

(C:\Users\a12l\AppData\Local\Programs\MiKTeX\tex/latex/hyperref\puenc.def
File: puenc.def 2025-07-12 v7.01o Hyperref: PDF Unicode definition (HO)
Now handling font encoding PU ...
... no UTF-8 mapping file for font encoding PU
)
Package hyperref Info: Option `colorlinks' set `false' on input line 4066.
Package hyperref Info: Option `hypertexnames' set `false' on input line 4066.
Package hyperref Info: Option `unicode' set `true' on input line 4066.
Package hyperref Info: Option `bookmarks' set `false' on input line 4066.
Package hyperref Info: Hyper figures OFF on input line 4195.
Package hyperref Info: Link nesting OFF on input line 4200.
Package hyperref Info: Hyper index ON on input line 4203.
Package hyperref Info: Plain pages OFF on input line 4210.
Package hyperref Info: Backreferencing OFF on input line 4215.
Package hyperref Info: Implicit mode ON; LaTeX internals redefined.
Package hyperref Info: Bookmarks OFF on input line 4468.
\c@Hy@tempcnt=\count288

(C:\Users\a12l\AppData\Local\Programs\MiKTeX\tex/latex/url\url.sty
\Urlmuskip=\muskip17
Package: url 2013/09/16  ver 3.4  Verb mode for urls, etc.
)
LaTeX Info: Redefining \url on input line 4801.
\XeTeXLinkMargin=\dimen152

(C:\Users\a12l\AppData\Local\Programs\MiKTeX\tex/generic/bitset\bitset.sty
Package: bitset 2019/12/09 v1.3 Handle bit-vector datatype (HO)

(C:\Users\a12l\AppData\Local\Programs\MiKTeX\tex/generic/bigintcalc\bigintcalc.
sty
Package: bigintcalc 2019/12/15 v1.5 Expandable calculations on big integers (HO
)
))
\Fld@menulength=\count289
\Field@Width=\dimen153
\Fld@charsize=\dimen154
Package hyperref Info: Hyper figures OFF on input line 6078.
Package hyperref Info: Link nesting OFF on input line 6083.
Package hyperref Info: Hyper index ON on input line 6086.
Package hyperref Info: backreferencing OFF on input line 6093.
Package hyperref Info: Link coloring OFF on input line 6098.
Package hyperref Info: Link coloring with OCG OFF on input line 6103.
Package hyperref Info: PDF/A mode OFF on input line 6108.
\Hy@abspage=\count290
\c@Item=\count291
\c@Hfootnote=\count292
)
Package hyperref Info: Driver: hpdftex.

(C:\Users\a12l\AppData\Local\Programs\MiKTeX\tex/latex/hyperref\hpdftex.def
File: hpdftex.def 2025-07-12 v7.01o Hyperref driver for pdfTeX
\Fld@listcount=\count293
\c@bookmark@seq@number=\count294

(C:\Users\a12l\AppData\Local\Programs\MiKTeX\tex/latex/rerunfilecheck\rerunfile
check.sty
Package: rerunfilecheck 2025-06-21 v1.11 Rerun checks for auxiliary files (HO)

(C:\Users\a12l\AppData\Local\Programs\MiKTeX\tex/generic/uniquecounter\uniqueco
unter.sty
Package: uniquecounter 2019/12/15 v1.4 Provide unlimited unique counter (HO)
)
Package uniquecounter Info: New unique counter `rerunfilecheck' on input line 2
84.
)
\Hy@SectionHShift=\skip51
)
(C:\Users\a12l\AppData\Local\Programs\MiKTeX\tex/latex/amsfonts\amssymb.sty
Package: amssymb 2013/01/14 v3.01 AMS font symbols

(C:\Users\a12l\AppData\Local\Programs\MiKTeX\tex/latex/amsfonts\amsfonts.sty
Package: amsfonts 2013/01/14 v3.01 Basic AMSFonts support
\@emptytoks=\toks18
\symAMSa=\mathgroup4
\symAMSb=\mathgroup5
LaTeX Font Info:    Redeclaring math symbol \hbar on input line 98.
LaTeX Font Info:    Overwriting math alphabet `\mathfrak' in version `bold'
(Font)                  U/euf/m/n --> U/euf/b/n on input line 106.
))
(C:\Users\a12l\AppData\Local\Programs\MiKTeX\tex/latex/amsmath\amsmath.sty
Package: amsmath 2025/07/09 v2.17z AMS math features
\@mathmargin=\skip52

For additional information on amsmath, use the `?' option.
(C:\Users\a12l\AppData\Local\Programs\MiKTeX\tex/latex/amsmath\amstext.sty
Package: amstext 2024/11/17 v2.01 AMS text

(C:\Users\a12l\AppData\Local\Programs\MiKTeX\tex/latex/amsmath\amsgen.sty
File: amsgen.sty 1999/11/30 v2.0 generic functions
\@emptytoks=\toks19
\ex@=\dimen155
))
(C:\Users\a12l\AppData\Local\Programs\MiKTeX\tex/latex/amsmath\amsbsy.sty
Package: amsbsy 1999/11/29 v1.2d Bold Symbols
\pmbraise@=\dimen156
)
(C:\Users\a12l\AppData\Local\Programs\MiKTeX\tex/latex/amsmath\amsopn.sty
Package: amsopn 2022/04/08 v2.04 operator names
)
\inf@bad=\count295
LaTeX Info: Redefining \frac on input line 233.
\uproot@=\count296
\leftroot@=\count297
LaTeX Info: Redefining \overline on input line 398.
LaTeX Info: Redefining \colon on input line 409.
\classnum@=\count298
\DOTSCASE@=\count299
LaTeX Info: Redefining \ldots on input line 495.
LaTeX Info: Redefining \dots on input line 498.
LaTeX Info: Redefining \cdots on input line 619.
\Mathstrutbox@=\box53
\strutbox@=\box54
LaTeX Info: Redefining \big on input line 721.
LaTeX Info: Redefining \Big on input line 722.
LaTeX Info: Redefining \bigg on input line 723.
LaTeX Info: Redefining \Bigg on input line 724.
\big@size=\dimen157
LaTeX Font Info:    Redeclaring font encoding OML on input line 742.
LaTeX Font Info:    Redeclaring font encoding OMS on input line 743.
\macc@depth=\count300
LaTeX Info: Redefining \bmod on input line 904.
LaTeX Info: Redefining \pmod on input line 909.
LaTeX Info: Redefining \smash on input line 939.
LaTeX Info: Redefining \relbar on input line 969.
LaTeX Info: Redefining \Relbar on input line 970.
\c@MaxMatrixCols=\count301
\dotsspace@=\muskip18
\c@parentequation=\count302
\dspbrk@lvl=\count303
\tag@help=\toks20
\row@=\count304
\column@=\count305
\maxfields@=\count306
\andhelp@=\toks21
\eqnshift@=\dimen158
\alignsep@=\dimen159
\tagshift@=\dimen160
\tagwidth@=\dimen161
\totwidth@=\dimen162
\lineht@=\dimen163
\@envbody=\toks22
\multlinegap=\skip53
\multlinetaggap=\skip54
\mathdisplay@stack=\toks23
LaTeX Info: Redefining \[ on input line 2950.
LaTeX Info: Redefining \] on input line 2951.
)
(C:\Users\a12l\AppData\Local\Programs\MiKTeX\tex/latex/amsmath\amsxtra.sty
Package: amsxtra 1999/11/15 v1.2c AMS extra commands
LaTeX Info: Redefining \nobreakspace on input line 54.
)
(C:\Users\a12l\AppData\Local\Programs\MiKTeX\tex/latex/cite\cite.sty
LaTeX Info: Redefining \cite on input line 302.
LaTeX Info: Redefining \nocite on input line 332.
Package: cite 2015/02/27  v 5.5
)
(C:\Users\a12l\AppData\Local\Programs\MiKTeX\tex/latex/tools\indentfirst.sty
Package: indentfirst 2023/07/02 v1.03 Indent first paragraph (DPC)
)
(C:\Users\a12l\AppData\Local\Programs\MiKTeX\tex/latex/graphics\color.sty
Package: color 2025/01/14 v1.3e Standard LaTeX Color (DPC)

(C:\Users\a12l\AppData\Local\Programs\MiKTeX\tex/latex/graphics-cfg\color.cfg
File: color.cfg 2016/01/02 v1.6 sample color configuration
)
Package color Info: Driver file: pdftex.def on input line 149.

(C:\Users\a12l\AppData\Local\Programs\MiKTeX\tex/latex/graphics\mathcolor.ltx))
(C:\Users\a12l\AppData\Local\Programs\MiKTeX\tex/latex/colortbl\colortbl.sty
Package: colortbl 2026/05/01 v1.0l Color table columns (DPC)

(C:\Users\a12l\AppData\Local\Programs\MiKTeX\tex/latex/tools\array.sty
Package: array 2025/09/25 v2.6n Tabular extension package (FMi)
\col@sep=\dimen164
\ar@mcellbox=\box55
\extrarowheight=\dimen165
\NC@list=\toks24
\extratabsurround=\skip55
\backup@length=\skip56
\ar@cellbox=\box56
)
\everycr=\toks25
\minrowclearance=\skip57
\rownum=\count307
)
(C:\Users\a12l\AppData\Local\Programs\MiKTeX\tex/latex/base\inputenc.sty
Package: inputenc 2024/02/08 v1.3d Input encoding file
\inpenc@prehook=\toks26
\inpenc@posthook=\toks27

(C:\Users\a12l\AppData\Local\Programs\MiKTeX\tex/latex/cyrillic\cp1251.def
File: cp1251.def 2022/06/11 v1.0e Input encoding file
LaTeX Encoding Info:    Ignoring declaration for text command \textdegree (enco
ding ?) on input line 42.
LaTeX Encoding Info:    Ignoring declaration for text command \textbrokenbar (e
ncoding ?) on input line 43.
LaTeX Encoding Info:    Ignoring declaration for text command \texteuro (encodi
ng ?) on input line 45.
))
(C:\Users\a12l\AppData\Local\Programs\MiKTeX\tex/latex/base\fontenc.sty
Package: fontenc 2025/07/18 v2.1d Standard LaTeX package

(C:\Users\a12l\AppData\Local\Programs\MiKTeX\tex/latex/cyrillic\t2aenc.def
File: t2aenc.def 2023/11/07 v1.0k Cyrillic encoding definition file
Now handling font encoding T2A ...
... processing UTF-8 mapping file for font encoding T2A

(C:\Users\a12l\AppData\Local\Programs\MiKTeX\tex/latex/base\t2aenc.dfu
File: t2aenc.dfu 2022/06/07 v1.3c UTF-8 support
   defining Unicode char U+00A4 (decimal 164)
   defining Unicode char U+00A7 (decimal 167)
   defining Unicode char U+00AB (decimal 171)
   defining Unicode char U+00BB (decimal 187)
   defining Unicode char U+0131 (decimal 305)
   defining Unicode char U+0237 (decimal 567)
   defining Unicode char U+0400 (decimal 1024)
   defining Unicode char U+0401 (decimal 1025)
   defining Unicode char U+0402 (decimal 1026)
   defining Unicode char U+0403 (decimal 1027)
   defining Unicode char U+0404 (decimal 1028)
   defining Unicode char U+0405 (decimal 1029)
   defining Unicode char U+0406 (decimal 1030)
   defining Unicode char U+0407 (decimal 1031)
   defining Unicode char U+0408 (decimal 1032)
   defining Unicode char U+0409 (decimal 1033)
   defining Unicode char U+040A (decimal 1034)
   defining Unicode char U+040B (decimal 1035)
   defining Unicode char U+040C (decimal 1036)
   defining Unicode char U+040D (decimal 1037)
   defining Unicode char U+040E (decimal 1038)
   defining Unicode char U+040F (decimal 1039)
   defining Unicode char U+0410 (decimal 1040)
   defining Unicode char U+0411 (decimal 1041)
   defining Unicode char U+0412 (decimal 1042)
   defining Unicode char U+0413 (decimal 1043)
   defining Unicode char U+0414 (decimal 1044)
   defining Unicode char U+0415 (decimal 1045)
   defining Unicode char U+0416 (decimal 1046)
   defining Unicode char U+0417 (decimal 1047)
   defining Unicode char U+0418 (decimal 1048)
   defining Unicode char U+0419 (decimal 1049)
   defining Unicode char U+041A (decimal 1050)
   defining Unicode char U+041B (decimal 1051)
   defining Unicode char U+041C (decimal 1052)
   defining Unicode char U+041D (decimal 1053)
   defining Unicode char U+041E (decimal 1054)
   defining Unicode char U+041F (decimal 1055)
   defining Unicode char U+0420 (decimal 1056)
   defining Unicode char U+0421 (decimal 1057)
   defining Unicode char U+0422 (decimal 1058)
   defining Unicode char U+0423 (decimal 1059)
   defining Unicode char U+0424 (decimal 1060)
   defining Unicode char U+0425 (decimal 1061)
   defining Unicode char U+0426 (decimal 1062)
   defining Unicode char U+0427 (decimal 1063)
   defining Unicode char U+0428 (decimal 1064)
   defining Unicode char U+0429 (decimal 1065)
   defining Unicode char U+042A (decimal 1066)
   defining Unicode char U+042B (decimal 1067)
   defining Unicode char U+042C (decimal 1068)
   defining Unicode char U+042D (decimal 1069)
   defining Unicode char U+042E (decimal 1070)
   defining Unicode char U+042F (decimal 1071)
   defining Unicode char U+0430 (decimal 1072)
   defining Unicode char U+0431 (decimal 1073)
   defining Unicode char U+0432 (decimal 1074)
   defining Unicode char U+0433 (decimal 1075)
   defining Unicode char U+0434 (decimal 1076)
   defining Unicode char U+0435 (decimal 1077)
   defining Unicode char U+0436 (decimal 1078)
   defining Unicode char U+0437 (decimal 1079)
   defining Unicode char U+0438 (decimal 1080)
   defining Unicode char U+0439 (decimal 1081)
   defining Unicode char U+043A (decimal 1082)
   defining Unicode char U+043B (decimal 1083)
   defining Unicode char U+043C (decimal 1084)
   defining Unicode char U+043D (decimal 1085)
   defining Unicode char U+043E (decimal 1086)
   defining Unicode char U+043F (decimal 1087)
   defining Unicode char U+0440 (decimal 1088)
   defining Unicode char U+0441 (decimal 1089)
   defining Unicode char U+0442 (decimal 1090)
   defining Unicode char U+0443 (decimal 1091)
   defining Unicode char U+0444 (decimal 1092)
   defining Unicode char U+0445 (decimal 1093)
   defining Unicode char U+0446 (decimal 1094)
   defining Unicode char U+0447 (decimal 1095)
   defining Unicode char U+0448 (decimal 1096)
   defining Unicode char U+0449 (decimal 1097)
   defining Unicode char U+044A (decimal 1098)
   defining Unicode char U+044B (decimal 1099)
   defining Unicode char U+044C (decimal 1100)
   defining Unicode char U+044D (decimal 1101)
   defining Unicode char U+044E (decimal 1102)
   defining Unicode char U+044F (decimal 1103)
   defining Unicode char U+0450 (decimal 1104)
   defining Unicode char U+0451 (decimal 1105)
   defining Unicode char U+0452 (decimal 1106)
   defining Unicode char U+0453 (decimal 1107)
   defining Unicode char U+0454 (decimal 1108)
   defining Unicode char U+0455 (decimal 1109)
   defining Unicode char U+0456 (decimal 1110)
   defining Unicode char U+0457 (decimal 1111)
   defining Unicode char U+0458 (decimal 1112)
   defining Unicode char U+0459 (decimal 1113)
   defining Unicode char U+045A (decimal 1114)
   defining Unicode char U+045B (decimal 1115)
   defining Unicode char U+045C (decimal 1116)
   defining Unicode char U+045D (decimal 1117)
   defining Unicode char U+045E (decimal 1118)
   defining Unicode char U+045F (decimal 1119)
   defining Unicode char U+0490 (decimal 1168)
   defining Unicode char U+0491 (decimal 1169)
   defining Unicode char U+0492 (decimal 1170)
   defining Unicode char U+0493 (decimal 1171)
   defining Unicode char U+0496 (decimal 1174)
   defining Unicode char U+0497 (decimal 1175)
   defining Unicode char U+0498 (decimal 1176)
   defining Unicode char U+0499 (decimal 1177)
   defining Unicode char U+049A (decimal 1178)
   defining Unicode char U+049B (decimal 1179)
   defining Unicode char U+049C (decimal 1180)
   defining Unicode char U+049D (decimal 1181)
   defining Unicode char U+04A0 (decimal 1184)
   defining Unicode char U+04A1 (decimal 1185)
   defining Unicode char U+04A2 (decimal 1186)
   defining Unicode char U+04A3 (decimal 1187)
   defining Unicode char U+04A4 (decimal 1188)
   defining Unicode char U+04A5 (decimal 1189)
   defining Unicode char U+04AA (decimal 1194)
   defining Unicode char U+04AB (decimal 1195)
   defining Unicode char U+04AE (decimal 1198)
   defining Unicode char U+04AF (decimal 1199)
   defining Unicode char U+04B0 (decimal 1200)
   defining Unicode char U+04B1 (decimal 1201)
   defining Unicode char U+04B2 (decimal 1202)
   defining Unicode char U+04B3 (decimal 1203)
   defining Unicode char U+04B6 (decimal 1206)
   defining Unicode char U+04B7 (decimal 1207)
   defining Unicode char U+04B8 (decimal 1208)
   defining Unicode char U+04B9 (decimal 1209)
   defining Unicode char U+04BA (decimal 1210)
   defining Unicode char U+04BB (decimal 1211)
   defining Unicode char U+04C0 (decimal 1216)
   defining Unicode char U+04C1 (decimal 1217)
   defining Unicode char U+04C2 (decimal 1218)
   defining Unicode char U+04D0 (decimal 1232)
   defining Unicode char U+04D1 (decimal 1233)
   defining Unicode char U+04D2 (decimal 1234)
   defining Unicode char U+04D3 (decimal 1235)
   defining Unicode char U+04D4 (decimal 1236)
   defining Unicode char U+04D5 (decimal 1237)
   defining Unicode char U+04D6 (decimal 1238)
   defining Unicode char U+04D7 (decimal 1239)
   defining Unicode char U+04D8 (decimal 1240)
   defining Unicode char U+04D9 (decimal 1241)
   defining Unicode char U+04DA (decimal 1242)
   defining Unicode char U+04DB (decimal 1243)
   defining Unicode char U+04DC (decimal 1244)
   defining Unicode char U+04DD (decimal 1245)
   defining Unicode char U+04DE (decimal 1246)
   defining Unicode char U+04DF (decimal 1247)
   defining Unicode char U+04E2 (decimal 1250)
   defining Unicode char U+04E3 (decimal 1251)
   defining Unicode char U+04E4 (decimal 1252)
   defining Unicode char U+04E5 (decimal 1253)
   defining Unicode char U+04E6 (decimal 1254)
   defining Unicode char U+04E7 (decimal 1255)
   defining Unicode char U+04E8 (decimal 1256)
   defining Unicode char U+04E9 (decimal 1257)
   defining Unicode char U+04EC (decimal 1260)
   defining Unicode char U+04ED (decimal 1261)
   defining Unicode char U+04EE (decimal 1262)
   defining Unicode char U+04EF (decimal 1263)
   defining Unicode char U+04F0 (decimal 1264)
   defining Unicode char U+04F1 (decimal 1265)
   defining Unicode char U+04F2 (decimal 1266)
   defining Unicode char U+04F3 (decimal 1267)
   defining Unicode char U+04F4 (decimal 1268)
   defining Unicode char U+04F5 (decimal 1269)
   defining Unicode char U+04F8 (decimal 1272)
   defining Unicode char U+04F9 (decimal 1273)
   defining Unicode char U+200C (decimal 8204)
   defining Unicode char U+2013 (decimal 8211)
   defining Unicode char U+2014 (decimal 8212)
   defining Unicode char U+2018 (decimal 8216)
   defining Unicode char U+2019 (decimal 8217)
   defining Unicode char U+201C (decimal 8220)
   defining Unicode char U+201D (decimal 8221)
   defining Unicode char U+201E (decimal 8222)
   defining Unicode char U+2030 (decimal 8240)
   defining Unicode char U+2031 (decimal 8241)
   defining Unicode char U+2116 (decimal 8470)
   defining Unicode char U+2329 (decimal 9001)
   defining Unicode char U+3008 (decimal 12296)
   defining Unicode char U+232A (decimal 9002)
   defining Unicode char U+3009 (decimal 12297)
   defining Unicode char U+2423 (decimal 9251)
   defining Unicode char U+27E8 (decimal 10216)
   defining Unicode char U+27E9 (decimal 10217)
   defining Unicode char U+FB00 (decimal 64256)
   defining Unicode char U+FB01 (decimal 64257)
   defining Unicode char U+FB02 (decimal 64258)
   defining Unicode char U+FB03 (decimal 64259)
   defining Unicode char U+FB04 (decimal 64260)
   defining Unicode char U+FB05 (decimal 64261)
   defining Unicode char U+FB06 (decimal 64262)
))
LaTeX Font Info:    Trying to load font information for T2A+cmr on input line 1
16.

(C:\Users\a12l\AppData\Local\Programs\MiKTeX\tex/latex/cyrillic\t2acmr.fd
File: t2acmr.fd 2001/08/11 v1.0a Computer Modern Cyrillic font definitions
)<<t2a.cmap>>)
(C:\Users\a12l\AppData\Local\Programs\MiKTeX\tex/latex/base\textcomp.sty
Package: textcomp 2024/04/24 v2.1b Standard LaTeX package
)
(C:\Users\a12l\AppData\Local\Programs\MiKTeX\tex/generic/babel\babel.sty
Package: babel 2025/12/11 v25.17 The multilingual framework for LuaLaTeX, pdfLa
TeX and XeLaTeX
\babel@savecnt=\count308
LaTeX Encoding Info:    Redeclaring text command \ij (encoding OT1) on input li
ne 2068.
LaTeX Encoding Info:    Redeclaring text command \IJ (encoding OT1) on input li
ne 2070.
LaTeX Encoding Info:    Redeclaring text command \ij (encoding T1) on input lin
e 2072.
LaTeX Encoding Info:    Redeclaring text command \IJ (encoding T1) on input lin
e 2073.
LaTeX Encoding Info:    Ignoring declaration for text command \ij (encoding ?) 
on input line 2074.
LaTeX Encoding Info:    Ignoring declaration for text command \IJ (encoding ?) 
on input line 2076.
LaTeX Encoding Info:    Ignoring declaration for text command \SS (encoding ?) 
on input line 2101.
\U@D=\dimen166
\l@unhyphenated=\language79

(C:\Users\a12l\AppData\Local\Programs\MiKTeX\tex/generic/babel\txtbabel.def)
\bbl@readstream=\read2
\bbl@dirlevel=\count309
Package babel Info: Configuration files are deprecated, as
(babel)             they can break document portability.
(babel)             Reported on input line 4196.

*************************************
* Local config file bblopts.cfg used
*
(C:\Users\a12l\AppData\Local\Programs\MiKTeX\tex/latex/arabi\bblopts.cfg
File: bblopts.cfg 2005/09/08 v0.1 add Arabic and Farsi to "declared" options of
 babel
)
(C:\Users\a12l\AppData\Local\Programs\MiKTeX\tex/generic/babel/locale/en\babel-
english.tex)
(C:\Users\a12l\AppData\Local\Programs\MiKTeX\tex/generic/babel/locale/ru\babel-
russian.tex)
Package babel Info: Importing font and identification data for english
(babel)             from babel-en.ini. Reported on input line 4320.

(C:\Users\a12l\AppData\Local\Programs\MiKTeX\tex/latex/babel-english\english.ld
f
Language: english 2017/06/06 v3.3r English support from the babel system
Package babel Info: Hyphen rules for 'canadian' set to \l@english
(babel)             (\language0). Reported on input line 102.
Package babel Info: Hyphen rules for 'australian' set to \l@ukenglish
(babel)             (\language73). Reported on input line 105.
Package babel Info: Hyphen rules for 'newzealand' set to \l@ukenglish
(babel)             (\language73). Reported on input line 108.
)
Package babel Info: Importing font and identification data for russian
(babel)             from babel-ru.ini. Reported on input line 4320.

(C:\Users\a12l\AppData\Local\Programs\MiKTeX\tex/latex/babel-russian\russianb.l
df
File: russianb.ldf 2021/01/10 1.3m Russian support for the Babel system
Language: russian 2020/09/09 1.3k Russian support for the Babel system
Package babel Info: Making " an active character on input line 124.
Package babel Info: Default for \cyrdash is provided on input line 163.
)) (C:\Users\a12l\AppData\Local\Programs\MiKTeX\tex/latex/tools\bm.sty
Package: bm 2025/10/21 v1.2g Bold Symbol Support (DPC/FMi)
\symboldoperators=\mathgroup6
\symboldletters=\mathgroup7
\symboldsymbols=\mathgroup8
Package bm Info: No bold for \OMX/cmex/m/n, using \pmb.
Package bm Info: No bold for \U/msa/m/n, using \pmb.
Package bm Info: No bold for \U/msb/m/n, using \pmb.
LaTeX Font Info:    Redeclaring math alphabet \mathbf on input line 149.
)
(C:\Users\a12l\AppData\Local\Programs\MiKTeX\tex/latex/comment\comment.sty
\CommentStream=\write3

Excluding comment 'comment')
(C:\Users\a12l\AppData\Local\Programs\MiKTeX\tex/latex/l3backend\l3backend-pdft
ex.def
File: l3backend-pdftex.def 2025-10-09 L3 backend support: PDF output (pdfTeX)
\l__color_backend_stack_int=\count310
) (ResonanceRew2024.aux
Package babel Info: 'russian' activates 'russian' shorthands.
(babel)             Reported on input line 8.


LaTeX Warning: Label `eq:ne' multiply defined.


LaTeX Warning: Label `eq:2' multiply defined.

)
\openout1 = `ResonanceRew2024.aux'.

LaTeX Font Info:    Checking defaults for OML/cmm/m/it on input line 84.
LaTeX Font Info:    ... okay on input line 84.
LaTeX Font Info:    Checking defaults for OMS/cmsy/m/n on input line 84.
LaTeX Font Info:    ... okay on input line 84.
LaTeX Font Info:    Checking defaults for OT1/cmr/m/n on input line 84.
LaTeX Font Info:    ... okay on input line 84.
LaTeX Font Info:    Checking defaults for T1/cmr/m/n on input line 84.
LaTeX Font Info:    ... okay on input line 84.
LaTeX Font Info:    Checking defaults for TS1/cmr/m/n on input line 84.
LaTeX Font Info:    ... okay on input line 84.
LaTeX Font Info:    Checking defaults for OMX/cmex/m/n on input line 84.
LaTeX Font Info:    ... okay on input line 84.
LaTeX Font Info:    Checking defaults for U/cmr/m/n on input line 84.
LaTeX Font Info:    ... okay on input line 84.
LaTeX Font Info:    Checking defaults for PD1/pdf/m/n on input line 84.
LaTeX Font Info:    ... okay on input line 84.
LaTeX Font Info:    Checking defaults for PU/pdf/m/n on input line 84.
LaTeX Font Info:    ... okay on input line 84.
LaTeX Font Info:    Checking defaults for T2A/cmr/m/n on input line 84.
LaTeX Font Info:    ... okay on input line 84.

(C:\Users\a12l\AppData\Local\Programs\MiKTeX\tex/context/base/mkii\supp-pdf.mki
i
[Loading MPS to PDF converter (version 2006.09.02).]
\scratchcounter=\count311
\scratchdimen=\dimen167
\scratchbox=\box57
\nofMPsegments=\count312
\nofMParguments=\count313
\everyMPshowfont=\toks28
\MPscratchCnt=\count314
\MPscratchDim=\dimen168
\MPnumerator=\count315
\makeMPintoPDFobject=\count316
\everyMPtoPDFconversion=\toks29
)
Package hyperref Info: Link coloring OFF on input line 84.
LaTeX Info: Redefining \th on input line 84.
<<ot1.cmap>><<oml.cmap>><<oms.cmap>><<omx.cmap>>
LaTeX Font Info:    Trying to load font information for U+msa on input line 87.


(C:\Users\a12l\AppData\Local\Programs\MiKTeX\tex/latex/amsfonts\umsa.fd
File: umsa.fd 2013/01/14 v3.01 AMS symbols A
)
LaTeX Font Info:    Trying to load font information for U+msb on input line 87.


(C:\Users\a12l\AppData\Local\Programs\MiKTeX\tex/latex/amsfonts\umsb.fd
File: umsb.fd 2013/01/14 v3.01 AMS symbols B
)

Package hyperref Warning: Ignoring empty anchor on input line 98.


Package hyperref Warning: Ignoring empty anchor on input line 100.


Package hyperref Warning: Ignoring empty anchor on input line 102.

[1

{C:/Users/a12l/AppData/Local/MiKTeX/fonts/map/pdftex/pdftex.map}{C:/Users/a12l/
AppData/Local/Programs/MiKTeX/fonts/enc/dvips/cm-super/cm-super-t2a.enc}]
(introduction.tex [2] [3] [4] [5]) (Chapter2_1.tex [6] [7]
Overfull \hbox (7.45706pt too wide) in paragraph at lines 73--74
\T2A/cmr/m/n/14.4 го со-сто-я-ния ча-стиц в от-дель-но-сти, ко-то-рые бу-дут им
еть лоренц-инвариантную
 []

[8] [9]) (Chapter2_2.tex [10] [11] [12]) (Chapter3.tex [13]
Overfull \hbox (16.44838pt too wide) in alignment at lines 72--89
 [][][] []
 []

[14] [15]
Overfull \hbox (5.22943pt too wide) in paragraph at lines 183--185
[]\T2A/cmr/m/n/14.4 Соответствующие соб-ствен-ные зна-че-ния в при-бли-же-ни-ях
 $\OML/cmm/m/it/14.4 O\OT1/cmr/m/n/14.4 (1\OML/cmm/m/it/14.4 =^^L[]\OT1/cmr/m/n
/14.4 )$ \T2A/cmr/m/n/14.4 для $\OMS/cmsy/m/n/14.4 P[]$
 []

Package epstopdf Info: Source file: <fig2_1.eps>
(epstopdf)                    date: 2026-06-02 06:54:49
(epstopdf)                    size: 176422 bytes
(epstopdf)             Output file: <fig2_1-eps-converted-to.pdf>
(epstopdf)                    date: 2026-06-02 06:54:49
(epstopdf)                    size: 42188 bytes
(epstopdf)             Command: <miktex-epstopdf --outfile=fig2_1-eps-converted
-to.pdf fig2_1.eps>
(epstopdf)             \includegraphics on input line 239.
Package epstopdf Info: Output file is already uptodate.
<fig2_1-eps-converted-to.pdf, id=284, 286.06876pt x 180.675pt>
File: fig2_1-eps-converted-to.pdf Graphic file (type pdf)
<use fig2_1-eps-converted-to.pdf>
Package pdftex.def Info: fig2_1-eps-converted-to.pdf  used on input line 239.
(pdftex.def)             Requested size: 426.79134pt x 269.55618pt.
[16] [17 <./fig2_1-eps-converted-to.pdf>] [18] [19]) (Chapter4_1.tex [20]
[21] [22] [23]
Overfull \hbox (38.48026pt too wide) in alignment at lines 159--173
 [][][] []
 []


LaTeX Warning: Reference `appD:DeltaIntegr' on page 24 undefined on input line 
175.


Overfull \hbox (39.18794pt too wide) in paragraph at lines 201--205
\T2A/cmr/m/n/14.4 тро-нов с тем-пе-ра-ту-рой $\OML/cmm/m/it/14.4 T$ \T2A/cmr/m/
n/14.4 и ну-ле-вым хи-ми-че-ским по-тен-ци-а-лом, $\OML/cmm/m/it/14.4 f[]\OT1/c
mr/m/n/14.4 (\OML/cmm/m/it/14.4 ![]\OT1/cmr/m/n/14.4 ) = ([][\OML/cmm/m/it/14.4
 ![]=T\OT1/cmr/m/n/14.4 ] \OMS/cmsy/m/n/14.4 ^^@
 []

[24] [25] [26] [27]
Overfull \hbox (12.9117pt too wide) in paragraph at lines 406--421
[]\T2A/cmr/m/n/14.4 Сравнительный ана-лиз про-ин-те-гри-ро-ван-но-го по им-пуль
-сам на-чаль-но-го элек-
 []

[28]
Package epstopdf Info: Source file: <image/Chapter_4/AliceDeltaAverageB023T001D
eg30.eps>
(epstopdf)                    date: 2026-06-02 06:54:49
(epstopdf)                    size: 72653 bytes
(epstopdf)             Output file: <image/Chapter_4/AliceDeltaAverageB023T001D
eg30-eps-converted-to.pdf>
(epstopdf)                    date: 2026-06-02 06:54:49
(epstopdf)                    size: 25433 bytes
(epstopdf)             Command: <miktex-epstopdf --outfile=image/Chapter_4/Alic
eDeltaAverageB023T001Deg30-eps-converted-to.pdf image/Chapter_4/AliceDeltaAvera
geB023T001Deg30.eps>
(epstopdf)             \includegraphics on input line 435.
Package epstopdf Info: Output file is already uptodate.
<image/Chapter_4/AliceDeltaAverageB023T001Deg30-eps-converted-to.pdf, id=528, 2
59.97125pt x 184.69pt>
File: image/Chapter_4/AliceDeltaAverageB023T001Deg30-eps-converted-to.pdf Graph
ic file (type pdf)
<use image/Chapter_4/AliceDeltaAverageB023T001Deg30-eps-converted-to.pdf>
Package pdftex.def Info: image/Chapter_4/AliceDeltaAverageB023T001Deg30-eps-con
verted-to.pdf  used on input line 435.
(pdftex.def)             Requested size: 154.78653pt x 109.96376pt.
Package epstopdf Info: Source file: <image/Chapter_4/AliceDeltaAverageB023T001D
eg60.eps>
(epstopdf)                    date: 2026-06-02 06:54:49
(epstopdf)                    size: 71627 bytes
(epstopdf)             Output file: <image/Chapter_4/AliceDeltaAverageB023T001D
eg60-eps-converted-to.pdf>
(epstopdf)                    date: 2026-06-02 06:54:49
(epstopdf)                    size: 25055 bytes
(epstopdf)             Command: <miktex-epstopdf --outfile=image/Chapter_4/Alic
eDeltaAverageB023T001Deg60-eps-converted-to.pdf image/Chapter_4/AliceDeltaAvera
geB023T001Deg60.eps>
(epstopdf)             \includegraphics on input line 436.
Package epstopdf Info: Output file is already uptodate.
<image/Chapter_4/AliceDeltaAverageB023T001Deg60-eps-converted-to.pdf, id=530, 2
59.97125pt x 184.69pt>
File: image/Chapter_4/AliceDeltaAverageB023T001Deg60-eps-converted-to.pdf Graph
ic file (type pdf)
<use image/Chapter_4/AliceDeltaAverageB023T001Deg60-eps-converted-to.pdf>
Package pdftex.def Info: image/Chapter_4/AliceDeltaAverageB023T001Deg60-eps-con
verted-to.pdf  used on input line 436.
(pdftex.def)             Requested size: 154.78653pt x 109.96376pt.
Package epstopdf Info: Source file: <image/Chapter_4/AliceDeltaAverageB023T001D
eg85.eps>
(epstopdf)                    date: 2026-06-02 06:54:49
(epstopdf)                    size: 70753 bytes
(epstopdf)             Output file: <image/Chapter_4/AliceDeltaAverageB023T001D
eg85-eps-converted-to.pdf>
(epstopdf)                    date: 2026-06-02 06:54:49
(epstopdf)                    size: 24142 bytes
(epstopdf)             Command: <miktex-epstopdf --outfile=image/Chapter_4/Alic
eDeltaAverageB023T001Deg85-eps-converted-to.pdf image/Chapter_4/AliceDeltaAvera
geB023T001Deg85.eps>
(epstopdf)             \includegraphics on input line 437.
Package epstopdf Info: Output file is already uptodate.
<image/Chapter_4/AliceDeltaAverageB023T001Deg85-eps-converted-to.pdf, id=532, 2
59.97125pt x 184.69pt>
File: image/Chapter_4/AliceDeltaAverageB023T001Deg85-eps-converted-to.pdf Graph
ic file (type pdf)
<use image/Chapter_4/AliceDeltaAverageB023T001Deg85-eps-converted-to.pdf>
Package pdftex.def Info: image/Chapter_4/AliceDeltaAverageB023T001Deg85-eps-con
verted-to.pdf  used on input line 437.
(pdftex.def)             Requested size: 154.78653pt x 109.96376pt.
Package epstopdf Info: Source file: <image/Chapter_4/AliceDeltaAverageB023T01De
g30.eps>
(epstopdf)                    date: 2026-06-02 06:54:49
(epstopdf)                    size: 71894 bytes
(epstopdf)             Output file: <image/Chapter_4/AliceDeltaAverageB023T01De
g30-eps-converted-to.pdf>
(epstopdf)                    date: 2026-06-02 06:54:49
(epstopdf)                    size: 25000 bytes
(epstopdf)             Command: <miktex-epstopdf --outfile=image/Chapter_4/Alic
eDeltaAverageB023T01Deg30-eps-converted-to.pdf image/Chapter_4/AliceDeltaAverag
eB023T01Deg30.eps>
(epstopdf)             \includegraphics on input line 438.
Package epstopdf Info: Output file is already uptodate.
<image/Chapter_4/AliceDeltaAverageB023T01Deg30-eps-converted-to.pdf, id=534, 25
9.97125pt x 184.69pt>
File: image/Chapter_4/AliceDeltaAverageB023T01Deg30-eps-converted-to.pdf Graphi
c file (type pdf)
<use image/Chapter_4/AliceDeltaAverageB023T01Deg30-eps-converted-to.pdf>
Package pdftex.def Info: image/Chapter_4/AliceDeltaAverageB023T01Deg30-eps-conv
erted-to.pdf  used on input line 438.
(pdftex.def)             Requested size: 154.78653pt x 109.96376pt.
Package epstopdf Info: Source file: <image/Chapter_4/AliceDeltaAverageB023T01De
g60.eps>
(epstopdf)                    date: 2026-06-02 06:54:49
(epstopdf)                    size: 73634 bytes
(epstopdf)             Output file: <image/Chapter_4/AliceDeltaAverageB023T01De
g60-eps-converted-to.pdf>
(epstopdf)                    date: 2026-06-02 06:54:49
(epstopdf)                    size: 25784 bytes
(epstopdf)             Command: <miktex-epstopdf --outfile=image/Chapter_4/Alic
eDeltaAverageB023T01Deg60-eps-converted-to.pdf image/Chapter_4/AliceDeltaAverag
eB023T01Deg60.eps>
(epstopdf)             \includegraphics on input line 439.
Package epstopdf Info: Output file is already uptodate.
<image/Chapter_4/AliceDeltaAverageB023T01Deg60-eps-converted-to.pdf, id=536, 25
9.97125pt x 184.69pt>
File: image/Chapter_4/AliceDeltaAverageB023T01Deg60-eps-converted-to.pdf Graphi
c file (type pdf)
<use image/Chapter_4/AliceDeltaAverageB023T01Deg60-eps-converted-to.pdf>
Package pdftex.def Info: image/Chapter_4/AliceDeltaAverageB023T01Deg60-eps-conv
erted-to.pdf  used on input line 439.
(pdftex.def)             Requested size: 154.78653pt x 109.96376pt.
Package epstopdf Info: Source file: <image/Chapter_4/AliceDeltaAverageB023T01De
g85.eps>
(epstopdf)                    date: 2026-06-02 06:54:49
(epstopdf)                    size: 76250 bytes
(epstopdf)             Output file: <image/Chapter_4/AliceDeltaAverageB023T01De
g85-eps-converted-to.pdf>
(epstopdf)                    date: 2026-06-02 06:54:49
(epstopdf)                    size: 27236 bytes
(epstopdf)             Command: <miktex-epstopdf --outfile=image/Chapter_4/Alic
eDeltaAverageB023T01Deg85-eps-converted-to.pdf image/Chapter_4/AliceDeltaAverag
eB023T01Deg85.eps>
(epstopdf)             \includegraphics on input line 440.
Package epstopdf Info: Output file is already uptodate.
<image/Chapter_4/AliceDeltaAverageB023T01Deg85-eps-converted-to.pdf, id=538, 25
9.97125pt x 181.67876pt>
File: image/Chapter_4/AliceDeltaAverageB023T01Deg85-eps-converted-to.pdf Graphi
c file (type pdf)
<use image/Chapter_4/AliceDeltaAverageB023T01Deg85-eps-converted-to.pdf>
Package pdftex.def Info: image/Chapter_4/AliceDeltaAverageB023T01Deg85-eps-conv
erted-to.pdf  used on input line 440.
(pdftex.def)             Requested size: 154.78653pt x 108.17088pt.
Package epstopdf Info: Source file: <image/Chapter_4/AliceDeltaAverageB0039T001
Deg30.eps>
(epstopdf)                    date: 2026-06-02 06:54:49
(epstopdf)                    size: 63115 bytes
(epstopdf)             Output file: <image/Chapter_4/AliceDeltaAverageB0039T001
Deg30-eps-converted-to.pdf>
(epstopdf)                    date: 2026-06-02 06:54:49
(epstopdf)                    size: 22447 bytes
(epstopdf)             Command: <miktex-epstopdf --outfile=image/Chapter_4/Alic
eDeltaAverageB0039T001Deg30-eps-converted-to.pdf image/Chapter_4/AliceDeltaAver
ageB0039T001Deg30.eps>
(epstopdf)             \includegraphics on input line 441.
Package epstopdf Info: Output file is already uptodate.
<image/Chapter_4/AliceDeltaAverageB0039T001Deg30-eps-converted-to.pdf, id=540, 
258.9675pt x 183.68625pt>
File: image/Chapter_4/AliceDeltaAverageB0039T001Deg30-eps-converted-to.pdf Grap
hic file (type pdf)
<use image/Chapter_4/AliceDeltaAverageB0039T001Deg30-eps-converted-to.pdf>
Package pdftex.def Info: image/Chapter_4/AliceDeltaAverageB0039T001Deg30-eps-co
nverted-to.pdf  used on input line 441.
(pdftex.def)             Requested size: 154.78653pt x 109.79495pt.
Package epstopdf Info: Source file: <image/Chapter_4/AliceDeltaAverageB0039T001
Deg60.eps>
(epstopdf)                    date: 2026-06-02 06:54:49
(epstopdf)                    size: 61711 bytes
(epstopdf)             Output file: <image/Chapter_4/AliceDeltaAverageB0039T001
Deg60-eps-converted-to.pdf>
(epstopdf)                    date: 2026-06-02 06:54:49
(epstopdf)                    size: 21852 bytes
(epstopdf)             Command: <miktex-epstopdf --outfile=image/Chapter_4/Alic
eDeltaAverageB0039T001Deg60-eps-converted-to.pdf image/Chapter_4/AliceDeltaAver
ageB0039T001Deg60.eps>
(epstopdf)             \includegraphics on input line 442.
Package epstopdf Info: Output file is already uptodate.
<image/Chapter_4/AliceDeltaAverageB0039T001Deg60-eps-converted-to.pdf, id=542, 
258.9675pt x 183.68625pt>
File: image/Chapter_4/AliceDeltaAverageB0039T001Deg60-eps-converted-to.pdf Grap
hic file (type pdf)
<use image/Chapter_4/AliceDeltaAverageB0039T001Deg60-eps-converted-to.pdf>
Package pdftex.def Info: image/Chapter_4/AliceDeltaAverageB0039T001Deg60-eps-co
nverted-to.pdf  used on input line 442.
(pdftex.def)             Requested size: 154.78653pt x 109.79495pt.
Package epstopdf Info: Source file: <image/Chapter_4/AliceDeltaAverageB0039T001
Deg85.eps>
(epstopdf)                    date: 2026-06-02 06:54:49
(epstopdf)                    size: 59874 bytes
(epstopdf)             Output file: <image/Chapter_4/AliceDeltaAverageB0039T001
Deg85-eps-converted-to.pdf>
(epstopdf)                    date: 2026-06-02 06:54:49
(epstopdf)                    size: 20911 bytes
(epstopdf)             Command: <miktex-epstopdf --outfile=image/Chapter_4/Alic
eDeltaAverageB0039T001Deg85-eps-converted-to.pdf image/Chapter_4/AliceDeltaAver
ageB0039T001Deg85.eps>
(epstopdf)             \includegraphics on input line 443.
Package epstopdf Info: Output file is already uptodate.
<image/Chapter_4/AliceDeltaAverageB0039T001Deg85-eps-converted-to.pdf, id=544, 
258.9675pt x 187.70125pt>
File: image/Chapter_4/AliceDeltaAverageB0039T001Deg85-eps-converted-to.pdf Grap
hic file (type pdf)
<use image/Chapter_4/AliceDeltaAverageB0039T001Deg85-eps-converted-to.pdf>
Package pdftex.def Info: image/Chapter_4/AliceDeltaAverageB0039T001Deg85-eps-co
nverted-to.pdf  used on input line 443.
(pdftex.def)             Requested size: 154.78653pt x 112.19487pt.
Package epstopdf Info: Source file: <image/Chapter_4/AliceDeltaAverageB0039T01D
eg30.eps>
(epstopdf)                    date: 2026-06-02 06:54:49
(epstopdf)                    size: 60933 bytes
(epstopdf)             Output file: <image/Chapter_4/AliceDeltaAverageB0039T01D
eg30-eps-converted-to.pdf>
(epstopdf)                    date: 2026-06-02 06:54:49
(epstopdf)                    size: 21261 bytes
(epstopdf)             Command: <miktex-epstopdf --outfile=image/Chapter_4/Alic
eDeltaAverageB0039T01Deg30-eps-converted-to.pdf image/Chapter_4/AliceDeltaAvera
geB0039T01Deg30.eps>
(epstopdf)             \includegraphics on input line 444.
Package epstopdf Info: Output file is already uptodate.
<image/Chapter_4/AliceDeltaAverageB0039T01Deg30-eps-converted-to.pdf, id=546, 2
58.9675pt x 183.68625pt>
File: image/Chapter_4/AliceDeltaAverageB0039T01Deg30-eps-converted-to.pdf Graph
ic file (type pdf)
<use image/Chapter_4/AliceDeltaAverageB0039T01Deg30-eps-converted-to.pdf>
Package pdftex.def Info: image/Chapter_4/AliceDeltaAverageB0039T01Deg30-eps-con
verted-to.pdf  used on input line 444.
(pdftex.def)             Requested size: 154.78653pt x 109.79495pt.
Package epstopdf Info: Source file: <image/Chapter_4/AliceDeltaAverageB0039T01D
eg60.eps>
(epstopdf)                    date: 2026-06-02 06:54:49
(epstopdf)                    size: 61166 bytes
(epstopdf)             Output file: <image/Chapter_4/AliceDeltaAverageB0039T01D
eg60-eps-converted-to.pdf>
(epstopdf)                    date: 2026-06-02 06:54:49
(epstopdf)                    size: 21396 bytes
(epstopdf)             Command: <miktex-epstopdf --outfile=image/Chapter_4/Alic
eDeltaAverageB0039T01Deg60-eps-converted-to.pdf image/Chapter_4/AliceDeltaAvera
geB0039T01Deg60.eps>
(epstopdf)             \includegraphics on input line 445.
Package epstopdf Info: Output file is already uptodate.
<image/Chapter_4/AliceDeltaAverageB0039T01Deg60-eps-converted-to.pdf, id=548, 2
58.9675pt x 183.68625pt>
File: image/Chapter_4/AliceDeltaAverageB0039T01Deg60-eps-converted-to.pdf Graph
ic file (type pdf)
<use image/Chapter_4/AliceDeltaAverageB0039T01Deg60-eps-converted-to.pdf>
Package pdftex.def Info: image/Chapter_4/AliceDeltaAverageB0039T01Deg60-eps-con
verted-to.pdf  used on input line 445.
(pdftex.def)             Requested size: 154.78653pt x 109.79495pt.
Package epstopdf Info: Source file: <image/Chapter_4/AliceDeltaAverageB0039T01D
eg85.eps>
(epstopdf)                    date: 2026-06-02 06:54:49
(epstopdf)                    size: 65658 bytes
(epstopdf)             Output file: <image/Chapter_4/AliceDeltaAverageB0039T01D
eg85-eps-converted-to.pdf>
(epstopdf)                    date: 2026-06-02 06:54:49
(epstopdf)                    size: 23086 bytes
(epstopdf)             Command: <miktex-epstopdf --outfile=image/Chapter_4/Alic
eDeltaAverageB0039T01Deg85-eps-converted-to.pdf image/Chapter_4/AliceDeltaAvera
geB0039T01Deg85.eps>
(epstopdf)             \includegraphics on input line 446.
Package epstopdf Info: Output file is already uptodate.
<image/Chapter_4/AliceDeltaAverageB0039T01Deg85-eps-converted-to.pdf, id=550, 2
58.9675pt x 180.675pt>
File: image/Chapter_4/AliceDeltaAverageB0039T01Deg85-eps-converted-to.pdf Graph
ic file (type pdf)
<use image/Chapter_4/AliceDeltaAverageB0039T01Deg85-eps-converted-to.pdf>
Package pdftex.def Info: image/Chapter_4/AliceDeltaAverageB0039T01Deg85-eps-con
verted-to.pdf  used on input line 446.
(pdftex.def)             Requested size: 154.78653pt x 107.99504pt.
 [29] [30 <./image/Chapter_4/AliceDeltaAverageB023T001Deg30-eps-converted-to.pd
f> <./image/Chapter_4/AliceDeltaAverageB023T001Deg60-eps-converted-to.pdf> <./i
mage/Chapter_4/AliceDeltaAverageB023T001Deg85-eps-converted-to.pdf> <./image/Ch
apter_4/AliceDeltaAverageB023T01Deg30-eps-converted-to.pdf> <./image/Chapter_4/
AliceDeltaAverageB023T01Deg60-eps-converted-to.pdf> <./image/Chapter_4/AliceDel
taAverageB023T01Deg85-eps-converted-to.pdf> <./image/Chapter_4/AliceDeltaAverag
eB0039T001Deg30-eps-converted-to.pdf> <./image/Chapter_4/AliceDeltaAverageB0039
T001Deg60-eps-converted-to.pdf> <./image/Chapter_4/AliceDeltaAverageB0039T001De
g85-eps-converted-to.pdf> <./image/Chapter_4/AliceDeltaAverageB0039T01Deg30-eps
-converted-to.pdf> <./image/Chapter_4/AliceDeltaAverageB0039T01Deg60-eps-conver
ted-to.pdf> <./image/Chapter_4/AliceDeltaAverageB0039T01Deg85-eps-converted-to.
pdf>] [31

]
Overfull \hbox (6.78558pt too wide) detected at line 562
[][][][][][]
 []


Overfull \hbox (29.38138pt too wide) in paragraph at lines 562--567
\T2A/cmr/m/n/14.4 где $\OML/cmm/m/it/14.4 J[]\OT1/cmr/m/n/14.4 (\OML/cmm/m/it/1
4.4 x\OT1/cmr/m/n/14.4 )$ \T2A/cmr/m/n/14.4 -- функ-ция Бес-се-ля це-ло-го ин-д
ек-са, [],
 []

[32] [33]
Package epstopdf Info: Source file: <image/Chapter_4/Splot112001.eps>
(epstopdf)                    date: 2026-06-02 06:54:49
(epstopdf)                    size: 46297 bytes
(epstopdf)             Output file: <image/Chapter_4/Splot112001-eps-converted-
to.pdf>
(epstopdf)                    date: 2026-06-02 06:54:49
(epstopdf)                    size: 17872 bytes
(epstopdf)             Command: <miktex-epstopdf --outfile=image/Chapter_4/Splo
t112001-eps-converted-to.pdf image/Chapter_4/Splot112001.eps>
(epstopdf)             \includegraphics on input line 586.
Package epstopdf Info: Output file is already uptodate.
<image/Chapter_4/Splot112001-eps-converted-to.pdf, id=641, 258.9675pt x 153.573
75pt>
File: image/Chapter_4/Splot112001-eps-converted-to.pdf Graphic file (type pdf)
<use image/Chapter_4/Splot112001-eps-converted-to.pdf>
Package pdftex.def Info: image/Chapter_4/Splot112001-eps-converted-to.pdf  used
 on input line 586.
(pdftex.def)             Requested size: 386.95894pt x 229.50003pt.
Package epstopdf Info: Source file: <image/Chapter_4/Splot11201.eps>
(epstopdf)                    date: 2026-06-02 06:54:49
(epstopdf)                    size: 36803 bytes
(epstopdf)             Output file: <image/Chapter_4/Splot11201-eps-converted-t
o.pdf>
(epstopdf)                    date: 2026-06-02 06:54:49
(epstopdf)                    size: 14394 bytes
(epstopdf)             Command: <miktex-epstopdf --outfile=image/Chapter_4/Splo
t11201-eps-converted-to.pdf image/Chapter_4/Splot11201.eps>
(epstopdf)             \includegraphics on input line 592.
Package epstopdf Info: Output file is already uptodate.
<image/Chapter_4/Splot11201-eps-converted-to.pdf, id=642, 258.9675pt x 154.5775
pt>
File: image/Chapter_4/Splot11201-eps-converted-to.pdf Graphic file (type pdf)
<use image/Chapter_4/Splot11201-eps-converted-to.pdf>
Package pdftex.def Info: image/Chapter_4/Splot11201-eps-converted-to.pdf  used 
on input line 592.
(pdftex.def)             Requested size: 386.95894pt x 231.00002pt.
Package epstopdf Info: Source file: <image/Chapter_4/Splot122001.eps>
(epstopdf)                    date: 2026-06-02 06:54:49
(epstopdf)                    size: 39654 bytes
(epstopdf)             Output file: <image/Chapter_4/Splot122001-eps-converted-
to.pdf>
(epstopdf)                    date: 2026-06-02 06:54:49
(epstopdf)                    size: 15481 bytes
(epstopdf)             Command: <miktex-epstopdf --outfile=image/Chapter_4/Splo
t122001-eps-converted-to.pdf image/Chapter_4/Splot122001.eps>
(epstopdf)             \includegraphics on input line 598.
Package epstopdf Info: Output file is already uptodate.
<image/Chapter_4/Splot122001-eps-converted-to.pdf, id=645, 258.9675pt x 153.573
75pt>
File: image/Chapter_4/Splot122001-eps-converted-to.pdf Graphic file (type pdf)
<use image/Chapter_4/Splot122001-eps-converted-to.pdf>
Package pdftex.def Info: image/Chapter_4/Splot122001-eps-converted-to.pdf  used
 on input line 598.
(pdftex.def)             Requested size: 386.95894pt x 229.50003pt.
Package epstopdf Info: Source file: <image/Chapter_4/Splot12201.eps>
(epstopdf)                    date: 2026-06-02 06:54:49
(epstopdf)                    size: 34506 bytes
(epstopdf)             Output file: <image/Chapter_4/Splot12201-eps-converted-t
o.pdf>
(epstopdf)                    date: 2026-06-02 06:54:49
(epstopdf)                    size: 13629 bytes
(epstopdf)             Command: <miktex-epstopdf --outfile=image/Chapter_4/Splo
t12201-eps-converted-to.pdf image/Chapter_4/Splot12201.eps>
(epstopdf)             \includegraphics on input line 604.
Package epstopdf Info: Output file is already uptodate.
<image/Chapter_4/Splot12201-eps-converted-to.pdf, id=648, 258.9675pt x 154.5775
pt>
File: image/Chapter_4/Splot12201-eps-converted-to.pdf Graphic file (type pdf)
<use image/Chapter_4/Splot12201-eps-converted-to.pdf>
Package pdftex.def Info: image/Chapter_4/Splot12201-eps-converted-to.pdf  used 
on input line 604.
(pdftex.def)             Requested size: 386.95894pt x 231.00002pt.
 [34 <./image/Chapter_4/Splot112001-eps-converted-to.pdf>] [35 <./image/Chapter
_4/Splot11201-eps-converted-to.pdf> <./image/Chapter_4/Splot122001-eps-converte
d-to.pdf>] [36 <./image/Chapter_4/Splot12201-eps-converted-to.pdf>])
(Chapter4_2.tex) (Chapter4_3.tex [37

]
Package epstopdf Info: Source file: <fig5_3.eps>
(epstopdf)                    date: 2026-06-02 06:54:49
(epstopdf)                    size: 65535 bytes
(epstopdf)             Output file: <fig5_3-eps-converted-to.pdf>
(epstopdf)                    date: 2026-06-02 06:54:49
(epstopdf)                    size: 11255 bytes
(epstopdf)             Command: <miktex-epstopdf --outfile=fig5_3-eps-converted
-to.pdf fig5_3.eps>
(epstopdf)             \includegraphics on input line 16.
Package epstopdf Info: Output file is already uptodate.
<fig5_3-eps-converted-to.pdf, id=704, 313.17pt x 196.735pt>
File: fig5_3-eps-converted-to.pdf Graphic file (type pdf)
<use fig5_3-eps-converted-to.pdf>
Package pdftex.def Info: fig5_3-eps-converted-to.pdf  used on input line 16.
(pdftex.def)             Requested size: 341.43306pt x 214.49692pt.
 [38]
Package epstopdf Info: Source file: <fig5_4.eps>
(epstopdf)                    date: 2026-06-02 06:54:49
(epstopdf)                    size: 644643 bytes
(epstopdf)             Output file: <fig5_4-eps-converted-to.pdf>
(epstopdf)                    date: 2026-06-02 06:54:49
(epstopdf)                    size: 20407 bytes
(epstopdf)             Command: <miktex-epstopdf --outfile=fig5_4-eps-converted
-to.pdf fig5_4.eps>
(epstopdf)             \includegraphics on input line 68.
Package epstopdf Info: Output file is already uptodate.
<fig5_4-eps-converted-to.pdf, id=719, 318.18875pt x 168.63pt>
File: fig5_4-eps-converted-to.pdf Graphic file (type pdf)
<use fig5_4-eps-converted-to.pdf>
Package pdftex.def Info: fig5_4-eps-converted-to.pdf  used on input line 68.
(pdftex.def)             Requested size: 483.69684pt x 256.3434pt.
 [39 <./fig5_3-eps-converted-to.pdf>] [40 <./fig5_4-eps-converted-to.pdf>]
Overfull \hbox (18.88422pt too wide) in paragraph at lines 199--207
\T2A/cmr/m/n/14.4 вать об-ла-сти ре-зо-нан-са, так что мы мо-жем ис-поль-зо-ват
ь дельта-функциональное
 []

[41]
Package epstopdf Info: Source file: <fig5_5.eps>
(epstopdf)                    date: 2026-06-02 06:54:49
(epstopdf)                    size: 87635 bytes
(epstopdf)             Output file: <fig5_5-eps-converted-to.pdf>
(epstopdf)                    date: 2026-06-02 06:54:49
(epstopdf)                    size: 13036 bytes
(epstopdf)             Command: <miktex-epstopdf --outfile=fig5_5-eps-converted
-to.pdf fig5_5.eps>
(epstopdf)             \includegraphics on input line 221.
Package epstopdf Info: Output file is already uptodate.
<fig5_5-eps-converted-to.pdf, id=795, 294.09875pt x 197.73875pt>
File: fig5_5-eps-converted-to.pdf Graphic file (type pdf)
<use fig5_5-eps-converted-to.pdf>
Package pdftex.def Info: fig5_5-eps-converted-to.pdf  used on input line 221.
(pdftex.def)             Requested size: 398.33858pt x 267.82588pt.
 [42 <./fig5_5-eps-converted-to.pdf>]
Overfull \hbox (1.05191pt too wide) in paragraph at lines 257--258
[]\T2A/cmr/m/n/14.4 поглощение фо-то-на элек-тро-ном с рож-де-ни-ем элек-тро-на
 на пер-вом уровне
 []

) (Chapter5.tex [43{C:/Users/a12l/AppData/Local/Programs/MiKTeX/fonts/enc/dvips
/cm-super/cm-super-ts1.enc}] [44] [45] [46]
Package epstopdf Info: Source file: <image/Chapter_6/mode2.eps>
(epstopdf)                    date: 2026-06-02 06:54:49
(epstopdf)                    size: 57408 bytes
(epstopdf)             Output file: <image/Chapter_6/mode2-eps-converted-to.pdf
>
(epstopdf)                    date: 2026-06-02 06:54:49
(epstopdf)                    size: 17930 bytes
(epstopdf)             Command: <miktex-epstopdf --outfile=image/Chapter_6/mode
2-eps-converted-to.pdf image/Chapter_6/mode2.eps>
(epstopdf)             \includegraphics on input line 122.
Package epstopdf Info: Output file is already uptodate.
<image/Chapter_6/mode2-eps-converted-to.pdf, id=879, 353.32pt x 234.8775pt>
File: image/Chapter_6/mode2-eps-converted-to.pdf Graphic file (type pdf)
<use image/Chapter_6/mode2-eps-converted-to.pdf>
Package pdftex.def Info: image/Chapter_6/mode2-eps-converted-to.pdf  used on in
put line 122.
(pdftex.def)             Requested size: 282.65639pt x 187.90225pt.
 [47 <./image/Chapter_6/mode2-eps-converted-to.pdf>]
Package epstopdf Info: Source file: <image/Chapter_6/mode1.eps>
(epstopdf)                    date: 2026-06-02 06:54:49
(epstopdf)                    size: 55006 bytes
(epstopdf)             Output file: <image/Chapter_6/mode1-eps-converted-to.pdf
>
(epstopdf)                    date: 2026-06-02 06:54:49
(epstopdf)                    size: 45865 bytes
(epstopdf)             Command: <miktex-epstopdf --outfile=image/Chapter_6/mode
1-eps-converted-to.pdf image/Chapter_6/mode1.eps>
(epstopdf)             \includegraphics on input line 154.
Package epstopdf Info: Output file is already uptodate.
<image/Chapter_6/mode1-eps-converted-to.pdf, id=905, 350.30875pt x 234.8775pt>
File: image/Chapter_6/mode1-eps-converted-to.pdf Graphic file (type pdf)
<use image/Chapter_6/mode1-eps-converted-to.pdf>
Package pdftex.def Info: image/Chapter_6/mode1-eps-converted-to.pdf  used on in
put line 154.
(pdftex.def)             Requested size: 280.24738pt x 187.90225pt.
Package epstopdf Info: Source file: <image/Chapter_6/CompareDampAndCompton.eps>

(epstopdf)                    date: 2026-06-02 06:54:49
(epstopdf)                    size: 40344 bytes
(epstopdf)             Output file: <image/Chapter_6/CompareDampAndCompton-eps-
converted-to.pdf>
(epstopdf)                    date: 2026-06-02 06:54:49
(epstopdf)                    size: 15166 bytes
(epstopdf)             Command: <miktex-epstopdf --outfile=image/Chapter_6/Comp
areDampAndCompton-eps-converted-to.pdf image/Chapter_6/CompareDampAndCompton.ep
s>
(epstopdf)             \includegraphics on input line 161.
Package epstopdf Info: Output file is already uptodate.
<image/Chapter_6/CompareDampAndCompton-eps-converted-to.pdf, id=910, 259.97125p
t x 175.65625pt>
File: image/Chapter_6/CompareDampAndCompton-eps-converted-to.pdf Graphic file (
type pdf)
<use image/Chapter_6/CompareDampAndCompton-eps-converted-to.pdf>
Package pdftex.def Info: image/Chapter_6/CompareDampAndCompton-eps-converted-to
.pdf  used on input line 161.
(pdftex.def)             Requested size: 337.96259pt x 228.35307pt.
 [48 <./image/Chapter_6/mode1-eps-converted-to.pdf>] [49 <./image/Chapter_6/Com
pareDampAndCompton-eps-converted-to.pdf>]
Package epstopdf Info: Source file: <image/Chapter_6/CompareDampAndCompton2.eps
>
(epstopdf)                    date: 2026-07-14 16:25:58
(epstopdf)                    size: 58688 bytes
(epstopdf)             Output file: <image/Chapter_6/CompareDampAndCompton2-eps
-converted-to.pdf>
(epstopdf)                    date: 2026-06-02 06:54:49
(epstopdf)                    size: 16974 bytes
(epstopdf)             Command: <miktex-epstopdf --outfile=image/Chapter_6/Comp
areDampAndCompton2-eps-converted-to.pdf image/Chapter_6/CompareDampAndCompton2.
eps>
(epstopdf)             \includegraphics on input line 166.
runsystem(miktex-epstopdf --outfile=image/Chapter_6/CompareDampAndCompton2-eps-
converted-to.pdf image/Chapter_6/CompareDampAndCompton2.eps)...executed safely 
(allowed).

Package epstopdf Info: Result file: <image/Chapter_6/CompareDampAndCompton2-eps
-converted-to.pdf>
(epstopdf)                    date: 2026-08-25 16:27:28
(epstopdf)                    size: 21520 bytes.
<image/Chapter_6/CompareDampAndCompton2-eps-converted-to.pdf, id=924, 259.97125
pt x 169.63374pt>
File: image/Chapter_6/CompareDampAndCompton2-eps-converted-to.pdf Graphic file 
(type pdf)
<use image/Chapter_6/CompareDampAndCompton2-eps-converted-to.pdf>
Package pdftex.def Info: image/Chapter_6/CompareDampAndCompton2-eps-converted-t
o.pdf  used on input line 166.
(pdftex.def)             Requested size: 337.96259pt x 220.52382pt.
 [50

 <./image/Chapter_6/CompareDampAndCompton2-eps-converted-to.pdf>]) (conclusion.
tex) [51]
(ResonanceRew2024.bbl
LaTeX Font Info:    Trying to load font information for T2A+cmtt on input line 
47.

(C:\Users\a12l\AppData\Local\Programs\MiKTeX\tex/latex/cyrillic\t2acmtt.fd
File: t2acmtt.fd 2001/08/11 v1.0a Computer Modern Cyrillic font definitions
)
Underfull \hbox (badness 1509) in paragraph at lines 44--49
[]\T2A/cmr/m/n/14.4 Group M. P.  McGill On-line Mag-ne-tar Cat-a-log.  2020.  [
]$\T2A/cmtt/m/n/14.4 https :
 []


Underfull \hbox (badness 10000) in paragraph at lines 44--49
\T2A/cmtt/m/n/14.4 / / www . physics . mcgill . ca / ~pulsar / magnetar / main 
. html$[] \T2A/cmr/m/n/14.4 [Дата
 []

[52] [53] [54] [55] [56] [57] [58] [59] [60] [61] [62] [63] [64] [65]) [66]
(ResonanceRew2024.aux)
 ***********
LaTeX2e <2025-11-01>
L3 programming layer <2025-12-24>
 ***********


LaTeX Warning: There were undefined references.


LaTeX Warning: There were multiply-defined labels.

 ) 
Here is how much of TeX's memory you used:
 13436 strings out of 467870
 217324 string characters out of 5418840
 631428 words of memory out of 5000000
 41665 multiletter control sequences out of 15000+600000
 657842 words of font info for 123 fonts, out of 8000000 for 9000
 1141 hyphenation exceptions out of 8191
 63i,13n,67p,4739b,598s stack positions out of 10000i,1000n,20000p,200000b,200000s
<C:/Users/a12l/AppData/Local/Programs/MiKTeX/fonts/type1/public/amsfonts/cm/c
mbsy10.pfb><C:/Users/a12l/AppData/Local/Programs/MiKTeX/fonts/type1/public/amsf
onts/cm/cmbx10.pfb><C:/Users/a12l/AppData/Local/Programs/MiKTeX/fonts/type1/pub
lic/amsfonts/cm/cmbx12.pfb><C:/Users/a12l/AppData/Local/Programs/MiKTeX/fonts/t
ype1/public/amsfonts/cm/cmex10.pfb><C:/Users/a12l/AppData/Local/Programs/MiKTeX
/fonts/type1/public/amsfonts/cm/cmmi10.pfb><C:/Users/a12l/AppData/Local/Program
s/MiKTeX/fonts/type1/public/amsfonts/cm/cmmi12.pfb><C:/Users/a12l/AppData/Local
/Programs/MiKTeX/fonts/type1/public/amsfonts/cm/cmmi7.pfb><C:/Users/a12l/AppDat
a/Local/Programs/MiKTeX/fonts/type1/public/amsfonts/cm/cmmi8.pfb><C:/Users/a12l
/AppData/Local/Programs/MiKTeX/fonts/type1/public/amsfonts/cm/cmmib10.pfb><C:/U
sers/a12l/AppData/Local/Programs/MiKTeX/fonts/type1/public/amsfonts/cm/cmr10.pf
b><C:/Users/a12l/AppData/Local/Programs/MiKTeX/fonts/type1/public/amsfonts/cm/c
mr12.pfb><C:/Users/a12l/AppData/Local/Programs/MiKTeX/fonts/type1/public/amsfon
ts/cm/cmr5.pfb><C:/Users/a12l/AppData/Local/Programs/MiKTeX/fonts/type1/public/
amsfonts/cm/cmr7.pfb><C:/Users/a12l/AppData/Local/Programs/MiKTeX/fonts/type1/p
ublic/amsfonts/cm/cmr8.pfb><C:/Users/a12l/AppData/Local/Programs/MiKTeX/fonts/t
ype1/public/amsfonts/cm/cmr9.pfb><C:/Users/a12l/AppData/Local/Programs/MiKTeX/f
onts/type1/public/amsfonts/cm/cmsy10.pfb><C:/Users/a12l/AppData/Local/Programs/
MiKTeX/fonts/type1/public/amsfonts/cm/cmsy5.pfb><C:/Users/a12l/AppData/Local/Pr
ograms/MiKTeX/fonts/type1/public/amsfonts/cm/cmsy6.pfb><C:/Users/a12l/AppData/L
ocal/Programs/MiKTeX/fonts/type1/public/amsfonts/cm/cmsy7.pfb><C:/Users/a12l/Ap
pData/Local/Programs/MiKTeX/fonts/type1/public/amsfonts/cm/cmsy8.pfb><C:/Users/
a12l/AppData/Local/Programs/MiKTeX/fonts/type1/public/amsfonts/cm/cmti12.pfb><C
:/Users/a12l/AppData/Local/Programs/MiKTeX/fonts/type1/public/amsfonts/symbols/
msam10.pfb><C:/Users/a12l/AppData/Local/Programs/MiKTeX/fonts/type1/public/amsf
onts/symbols/msbm10.pfb><C:/Users/a12l/AppData/Local/Programs/MiKTeX/fonts/type
1/public/cm-super/sfbx1440.pfb><C:/Users/a12l/AppData/Local/Programs/MiKTeX/fon
ts/type1/public/cm-super/sfbx1728.pfb><C:/Users/a12l/AppData/Local/Programs/MiK
TeX/fonts/type1/public/cm-super/sfrm0700.pfb><C:/Users/a12l/AppData/Local/Progr
ams/MiKTeX/fonts/type1/public/cm-super/sfrm0800.pfb><C:/Users/a12l/AppData/Loca
l/Programs/MiKTeX/fonts/type1/public/cm-super/sfrm1000.pfb><C:/Users/a12l/AppDa
ta/Local/Programs/MiKTeX/fonts/type1/public/cm-super/sfrm1095.pfb><C:/Users/a12
l/AppData/Local/Programs/MiKTeX/fonts/type1/public/cm-super/sfrm1200.pfb><C:/Us
ers/a12l/AppData/Local/Programs/MiKTeX/fonts/type1/public/cm-super/sfrm1440.pfb
><C:/Users/a12l/AppData/Local/Programs/MiKTeX/fonts/type1/public/cm-super/sfrm2
074.pfb><C:/Users/a12l/AppData/Local/Programs/MiKTeX/fonts/type1/public/cm-supe
r/sfti1440.pfb><C:/Users/a12l/AppData/Local/Programs/MiKTeX/fonts/type1/public/
cm-super/sftt1440.pfb>
Output written on ResonanceRew2024.pdf (66 pages, 1262148 bytes).
PDF statistics:
 1204 PDF objects out of 1440 (max. 8388607)
 322 named destinations out of 1000 (max. 500000)
 213 words of extra memory for PDF output out of 10000 (max. 10000000)

