This is pdfTeX, Version 3.141592653-2.6-1.40.28 (MiKTeX 25.12) (preloaded format=pdflatex 2026.6.22)  1 JUL 2026 12:13
entering extended mode
 restricted \write18 enabled.
 %&-line parsing enabled.
**./YarkovSRPres.tex
(YarkovSRPres.tex
LaTeX2e <2025-11-01>
L3 programming layer <2025-12-24>
(C:\Users\a12l\AppData\Local\Programs\MiKTeX\tex/latex/beamer\beamer.cls
Document Class: beamer 2026/01/22 v3.77 A class for typesetting presentations

(C:\Users\a12l\AppData\Local\Programs\MiKTeX\tex/latex/beamer\beamerbasemodes.s
ty (C:\Users\a12l\AppData\Local\Programs\MiKTeX\tex/latex/etoolbox\etoolbox.sty
Package: etoolbox 2025/10/02 v2.5m e-TeX tools for LaTeX (JAW)
\etb@tempcnta=\count275
)
\beamer@tempbox=\box53
\beamer@tempcount=\count276
\c@beamerpauses=\count277

(C:\Users\a12l\AppData\Local\Programs\MiKTeX\tex/latex/beamer\beamerbasedecode.
sty
\beamer@slideinframe=\count278
\beamer@minimum=\count279
\beamer@decode@box=\box54
)
\beamer@commentbox=\box55
\beamer@modecount=\count280
) (C:\Users\a12l\AppData\Local\Programs\MiKTeX\tex/generic/iftex\iftex.sty
Package: iftex 2024/12/12 v1.0g TeX engine tests
)
\headdp=\dimen148
\footheight=\dimen149
\sidebarheight=\dimen150
\beamer@tempdim=\dimen151
\beamer@finalheight=\dimen152
\beamer@animht=\dimen153
\beamer@animdp=\dimen154
\beamer@animwd=\dimen155
\beamer@leftmargin=\dimen156
\beamer@rightmargin=\dimen157
\beamer@leftsidebar=\dimen158
\beamer@rightsidebar=\dimen159
\beamer@boxsize=\dimen160
\beamer@vboxoffset=\dimen161
\beamer@descdefault=\dimen162
\beamer@descriptionwidth=\dimen163
\beamer@lastskip=\skip49
\beamer@areabox=\box56
\beamer@animcurrent=\box57
\beamer@animshowbox=\box58
\beamer@sectionbox=\box59
\beamer@logobox=\box60
\beamer@linebox=\box61
\beamer@sectioncount=\count281
\beamer@subsubsectionmax=\count282
\beamer@subsectionmax=\count283
\beamer@sectionmax=\count284
\beamer@totalheads=\count285
\beamer@headcounter=\count286
\beamer@partstartpage=\count287
\beamer@sectionstartpage=\count288
\beamer@subsectionstartpage=\count289
\beamer@animationtempa=\count290
\beamer@animationtempb=\count291
\beamer@xpos=\count292
\beamer@ypos=\count293
\beamer@ypos@offset=\count294
\beamer@showpartnumber=\count295
\beamer@currentsubsection=\count296
\beamer@coveringdepth=\count297
\beamer@sectionadjust=\count298
\beamer@toclastsection=\count299
\beamer@tocsectionnumber=\count300

(C:\Users\a12l\AppData\Local\Programs\MiKTeX\tex/latex/beamer\beamerbaseoptions
.sty (C:\Users\a12l\AppData\Local\Programs\MiKTeX\tex/latex/graphics\keyval.sty
Package: keyval 2022/05/29 v1.15 key=value parser (DPC)
\KV@toks@=\toks17
))
\beamer@paperwidth=\skip50
\beamer@paperheight=\skip51
 (C:\Users\a12l\AppData\Local\Programs\MiKTeX\tex/latex/geometry\geometry.sty
Package: geometry 2026/03/07 v6.0 Page Geometry
(C:\Users\a12l\AppData\Local\Programs\MiKTeX\tex/generic/iftex\ifvtex.sty
Package: ifvtex 2019/10/25 v1.7 ifvtex legacy package. Use iftex instead.
)
\Gm@cnth=\count301
\Gm@cntv=\count302
\c@Gm@tempcnt=\count303
\Gm@bindingoffset=\dimen164
\Gm@wd@mp=\dimen165
\Gm@odd@mp=\dimen166
\Gm@even@mp=\dimen167
\Gm@layoutwidth=\dimen168
\Gm@layoutheight=\dimen169
\Gm@layouthoffset=\dimen170
\Gm@layoutvoffset=\dimen171
\Gm@dimlist=\toks18

(C:\Users\a12l\AppData\Local\Programs\MiKTeX\tex/latex/geometry\geometry.cfg))
(C:\Users\a12l\AppData\Local\Programs\MiKTeX\tex/latex/pgf/math\pgfmath.sty
(C:\Users\a12l\AppData\Local\Programs\MiKTeX\tex/latex/pgf/utilities\pgfrcs.sty

(C:\Users\a12l\AppData\Local\Programs\MiKTeX\tex/generic/pgf/utilities\pgfutil-
common.tex
\pgfutil@everybye=\toks19
\pgfutil@tempdima=\dimen172
\pgfutil@tempdimb=\dimen173
)
(C:\Users\a12l\AppData\Local\Programs\MiKTeX\tex/generic/pgf/utilities\pgfutil-
latex.def
\pgfutil@abb=\box62
)
(C:\Users\a12l\AppData\Local\Programs\MiKTeX\tex/generic/pgf/utilities\pgfrcs.c
ode.tex
(C:\Users\a12l\AppData\Local\Programs\MiKTeX\tex/generic/pgf\pgf.revision.tex)
Package: pgfrcs 2025-08-29 v3.1.11a (3.1.11a)
))
(C:\Users\a12l\AppData\Local\Programs\MiKTeX\tex/latex/pgf/utilities\pgfkeys.st
y
(C:\Users\a12l\AppData\Local\Programs\MiKTeX\tex/generic/pgf/utilities\pgfkeys.
code.tex
\pgfkeys@pathtoks=\toks20
\pgfkeys@temptoks=\toks21

(C:\Users\a12l\AppData\Local\Programs\MiKTeX\tex/generic/pgf/utilities\pgfkeysl
ibraryfiltered.code.tex
\pgfkeys@tmptoks=\toks22
)))
(C:\Users\a12l\AppData\Local\Programs\MiKTeX\tex/generic/pgf/math\pgfmath.code.
tex
(C:\Users\a12l\AppData\Local\Programs\MiKTeX\tex/generic/pgf/math\pgfmathutil.c
ode.tex
\pgf@x=\dimen174
\pgf@xa=\dimen175
\pgf@xb=\dimen176
\pgf@xc=\dimen177
\pgf@y=\dimen178
\pgf@ya=\dimen179
\pgf@yb=\dimen180
\pgf@yc=\dimen181
\c@pgf@counta=\count304
\c@pgf@countb=\count305
\c@pgf@countc=\count306
\c@pgf@countd=\count307
)
(C:\Users\a12l\AppData\Local\Programs\MiKTeX\tex/generic/pgf/math\pgfmathparser
.code.tex
\pgfmath@dimen=\dimen182
\pgfmath@count=\count308
\pgfmath@box=\box63
\pgfmath@toks=\toks23
\pgfmath@stack@operand=\toks24
\pgfmath@stack@operation=\toks25
)
(C:\Users\a12l\AppData\Local\Programs\MiKTeX\tex/generic/pgf/math\pgfmathfuncti
ons.code.tex)
(C:\Users\a12l\AppData\Local\Programs\MiKTeX\tex/generic/pgf/math\pgfmathfuncti
ons.basic.code.tex)
(C:\Users\a12l\AppData\Local\Programs\MiKTeX\tex/generic/pgf/math\pgfmathfuncti
ons.trigonometric.code.tex)
(C:\Users\a12l\AppData\Local\Programs\MiKTeX\tex/generic/pgf/math\pgfmathfuncti
ons.random.code.tex)
(C:\Users\a12l\AppData\Local\Programs\MiKTeX\tex/generic/pgf/math\pgfmathfuncti
ons.comparison.code.tex)
(C:\Users\a12l\AppData\Local\Programs\MiKTeX\tex/generic/pgf/math\pgfmathfuncti
ons.base.code.tex)
(C:\Users\a12l\AppData\Local\Programs\MiKTeX\tex/generic/pgf/math\pgfmathfuncti
ons.round.code.tex)
(C:\Users\a12l\AppData\Local\Programs\MiKTeX\tex/generic/pgf/math\pgfmathfuncti
ons.misc.code.tex)
(C:\Users\a12l\AppData\Local\Programs\MiKTeX\tex/generic/pgf/math\pgfmathfuncti
ons.integerarithmetics.code.tex)
(C:\Users\a12l\AppData\Local\Programs\MiKTeX\tex/generic/pgf/math\pgfmathcalc.c
ode.tex)
(C:\Users\a12l\AppData\Local\Programs\MiKTeX\tex/generic/pgf/math\pgfmathfloat.
code.tex
\c@pgfmathroundto@lastzeros=\count309
)))
(C:\Users\a12l\AppData\Local\Programs\MiKTeX\tex/latex/base\size11.clo
File: size11.clo 2025/01/22 v1.4n Standard LaTeX file (size option)
)
(C:\Users\a12l\AppData\Local\Programs\MiKTeX\tex/latex/pgf/basiclayer\pgfcore.s
ty (C:\Users\a12l\AppData\Local\Programs\MiKTeX\tex/latex/graphics\graphicx.sty
Package: graphicx 2024/12/31 v1.2e Enhanced LaTeX Graphics (DPC,SPQR)
(C:\Users\a12l\AppData\Local\Programs\MiKTeX\tex/latex/graphics\graphics.sty
Package: graphics 2024/08/06 v1.4g Standard LaTeX Graphics (DPC,SPQR)

(C:\Users\a12l\AppData\Local\Programs\MiKTeX\tex/latex/graphics\trig.sty
Package: trig 2023/12/02 v1.11 sin cos tan (DPC)
)
(C:\Users\a12l\AppData\Local\Programs\MiKTeX\tex/latex/graphics-cfg\graphics.cf
g
File: graphics.cfg 2016/06/04 v1.11 sample graphics configuration
)
Package graphics Info: Driver file: pdftex.def on input line 106.

(C:\Users\a12l\AppData\Local\Programs\MiKTeX\tex/latex/graphics-def\pdftex.def
File: pdftex.def 2025/09/29 v1.2d Graphics/color driver for pdftex
))
\Gin@req@height=\dimen183
\Gin@req@width=\dimen184
)
(C:\Users\a12l\AppData\Local\Programs\MiKTeX\tex/latex/pgf/systemlayer\pgfsys.s
ty
(C:\Users\a12l\AppData\Local\Programs\MiKTeX\tex/generic/pgf/systemlayer\pgfsys
.code.tex
Package: pgfsys 2025-08-29 v3.1.11a (3.1.11a)
\pgf@x=\dimen185
\pgf@y=\dimen186
\pgf@xa=\dimen187
\pgf@ya=\dimen188
\pgf@xb=\dimen189
\pgf@yb=\dimen190
\pgf@xc=\dimen191
\pgf@yc=\dimen192
\pgf@xd=\dimen193
\pgf@yd=\dimen194
\w@pgf@writea=\write3
\r@pgf@reada=\read2
\c@pgf@counta=\count310
\c@pgf@countb=\count311
\c@pgf@countc=\count312
\c@pgf@countd=\count313
\t@pgf@toka=\toks26
\t@pgf@tokb=\toks27
\t@pgf@tokc=\toks28
\pgf@sys@id@count=\count314

(C:\Users\a12l\AppData\Local\Programs\MiKTeX\tex/generic/pgf/systemlayer\pgf.cf
g
File: pgf.cfg 2025-08-29 v3.1.11a (3.1.11a)
)
Driver file for pgf: pgfsys-pdftex.def

(C:\Users\a12l\AppData\Local\Programs\MiKTeX\tex/generic/pgf/systemlayer\pgfsys
-pdftex.def
File: pgfsys-pdftex.def 2025-08-29 v3.1.11a (3.1.11a)

(C:\Users\a12l\AppData\Local\Programs\MiKTeX\tex/generic/pgf/systemlayer\pgfsys
-common-pdf.def
File: pgfsys-common-pdf.def 2025-08-29 v3.1.11a (3.1.11a)
)))
(C:\Users\a12l\AppData\Local\Programs\MiKTeX\tex/generic/pgf/systemlayer\pgfsys
softpath.code.tex
File: pgfsyssoftpath.code.tex 2025-08-29 v3.1.11a (3.1.11a)
\pgfsyssoftpath@smallbuffer@items=\count315
\pgfsyssoftpath@bigbuffer@items=\count316
)
(C:\Users\a12l\AppData\Local\Programs\MiKTeX\tex/generic/pgf/systemlayer\pgfsys
protocol.code.tex
File: pgfsysprotocol.code.tex 2025-08-29 v3.1.11a (3.1.11a)
))
(C:\Users\a12l\AppData\Local\Programs\MiKTeX\tex/latex/xcolor\xcolor.sty
Package: xcolor 2024/09/29 v3.02 LaTeX color extensions (UK)

(C:\Users\a12l\AppData\Local\Programs\MiKTeX\tex/latex/graphics-cfg\color.cfg
File: color.cfg 2016/01/02 v1.6 sample color configuration
)
Package xcolor Info: Driver file: pdftex.def on input line 274.

(C:\Users\a12l\AppData\Local\Programs\MiKTeX\tex/latex/graphics\mathcolor.ltx)
Package xcolor Info: Model `cmy' substituted by `cmy0' on input line 1349.
Package xcolor Info: Model `hsb' substituted by `rgb' on input line 1353.
Package xcolor Info: Model `RGB' extended on input line 1365.
Package xcolor Info: Model `HTML' substituted by `rgb' on input line 1367.
Package xcolor Info: Model `Hsb' substituted by `hsb' on input line 1368.
Package xcolor Info: Model `tHsb' substituted by `hsb' on input line 1369.
Package xcolor Info: Model `HSB' substituted by `hsb' on input line 1370.
Package xcolor Info: Model `Gray' substituted by `gray' on input line 1371.
Package xcolor Info: Model `wave' substituted by `hsb' on input line 1372.
)
(C:\Users\a12l\AppData\Local\Programs\MiKTeX\tex/generic/pgf/basiclayer\pgfcore
.code.tex
Package: pgfcore 2025-08-29 v3.1.11a (3.1.11a)

(C:\Users\a12l\AppData\Local\Programs\MiKTeX\tex/generic/pgf/math\pgfint.code.t
ex)
(C:\Users\a12l\AppData\Local\Programs\MiKTeX\tex/generic/pgf/basiclayer\pgfcore
points.code.tex
File: pgfcorepoints.code.tex 2025-08-29 v3.1.11a (3.1.11a)
\pgf@picminx=\dimen195
\pgf@picmaxx=\dimen196
\pgf@picminy=\dimen197
\pgf@picmaxy=\dimen198
\pgf@pathminx=\dimen199
\pgf@pathmaxx=\dimen256
\pgf@pathminy=\dimen257
\pgf@pathmaxy=\dimen258
\pgf@xx=\dimen259
\pgf@xy=\dimen260
\pgf@yx=\dimen261
\pgf@yy=\dimen262
\pgf@zx=\dimen263
\pgf@zy=\dimen264
)
(C:\Users\a12l\AppData\Local\Programs\MiKTeX\tex/generic/pgf/basiclayer\pgfcore
pathconstruct.code.tex
File: pgfcorepathconstruct.code.tex 2025-08-29 v3.1.11a (3.1.11a)
\pgf@path@lastx=\dimen265
\pgf@path@lasty=\dimen266
)
(C:\Users\a12l\AppData\Local\Programs\MiKTeX\tex/generic/pgf/basiclayer\pgfcore
pathusage.code.tex
File: pgfcorepathusage.code.tex 2025-08-29 v3.1.11a (3.1.11a)
\pgf@shorten@end@additional=\dimen267
\pgf@shorten@start@additional=\dimen268
)
(C:\Users\a12l\AppData\Local\Programs\MiKTeX\tex/generic/pgf/basiclayer\pgfcore
scopes.code.tex
File: pgfcorescopes.code.tex 2025-08-29 v3.1.11a (3.1.11a)
\pgfpic=\box64
\pgf@hbox=\box65
\pgf@layerbox@main=\box66
\pgf@picture@serial@count=\count317
)
(C:\Users\a12l\AppData\Local\Programs\MiKTeX\tex/generic/pgf/basiclayer\pgfcore
graphicstate.code.tex
File: pgfcoregraphicstate.code.tex 2025-08-29 v3.1.11a (3.1.11a)
\pgflinewidth=\dimen269
)
(C:\Users\a12l\AppData\Local\Programs\MiKTeX\tex/generic/pgf/basiclayer\pgfcore
transformations.code.tex
File: pgfcoretransformations.code.tex 2025-08-29 v3.1.11a (3.1.11a)
\pgf@pt@x=\dimen270
\pgf@pt@y=\dimen271
\pgf@pt@temp=\dimen272
)
(C:\Users\a12l\AppData\Local\Programs\MiKTeX\tex/generic/pgf/basiclayer\pgfcore
quick.code.tex
File: pgfcorequick.code.tex 2025-08-29 v3.1.11a (3.1.11a)
)
(C:\Users\a12l\AppData\Local\Programs\MiKTeX\tex/generic/pgf/basiclayer\pgfcore
objects.code.tex
File: pgfcoreobjects.code.tex 2025-08-29 v3.1.11a (3.1.11a)
)
(C:\Users\a12l\AppData\Local\Programs\MiKTeX\tex/generic/pgf/basiclayer\pgfcore
pathprocessing.code.tex
File: pgfcorepathprocessing.code.tex 2025-08-29 v3.1.11a (3.1.11a)
)
(C:\Users\a12l\AppData\Local\Programs\MiKTeX\tex/generic/pgf/basiclayer\pgfcore
arrows.code.tex
File: pgfcorearrows.code.tex 2025-08-29 v3.1.11a (3.1.11a)
\pgfarrowsep=\dimen273
)
(C:\Users\a12l\AppData\Local\Programs\MiKTeX\tex/generic/pgf/basiclayer\pgfcore
shade.code.tex
File: pgfcoreshade.code.tex 2025-08-29 v3.1.11a (3.1.11a)
\pgf@max=\dimen274
\pgf@sys@shading@range@num=\count318
\pgf@shadingcount=\count319
)
(C:\Users\a12l\AppData\Local\Programs\MiKTeX\tex/generic/pgf/basiclayer\pgfcore
image.code.tex
File: pgfcoreimage.code.tex 2025-08-29 v3.1.11a (3.1.11a)
)
(C:\Users\a12l\AppData\Local\Programs\MiKTeX\tex/generic/pgf/basiclayer\pgfcore
external.code.tex
File: pgfcoreexternal.code.tex 2025-08-29 v3.1.11a (3.1.11a)
\pgfexternal@startupbox=\box67
)
(C:\Users\a12l\AppData\Local\Programs\MiKTeX\tex/generic/pgf/basiclayer\pgfcore
layers.code.tex
File: pgfcorelayers.code.tex 2025-08-29 v3.1.11a (3.1.11a)
)
(C:\Users\a12l\AppData\Local\Programs\MiKTeX\tex/generic/pgf/basiclayer\pgfcore
transparency.code.tex
File: pgfcoretransparency.code.tex 2025-08-29 v3.1.11a (3.1.11a)
)
(C:\Users\a12l\AppData\Local\Programs\MiKTeX\tex/generic/pgf/basiclayer\pgfcore
patterns.code.tex
File: pgfcorepatterns.code.tex 2025-08-29 v3.1.11a (3.1.11a)
)
(C:\Users\a12l\AppData\Local\Programs\MiKTeX\tex/generic/pgf/basiclayer\pgfcore
rdf.code.tex
File: pgfcorerdf.code.tex 2025-08-29 v3.1.11a (3.1.11a)
)))
(C:\Users\a12l\AppData\Local\Programs\MiKTeX\tex/latex/pgf/utilities\xxcolor.st
y
Package: xxcolor 2003/10/24 ver 0.1
\XC@nummixins=\count320
\XC@countmixins=\count321
) (C:\Users\a12l\AppData\Local\Programs\MiKTeX\tex/latex/base\atbegshi-ltx.sty
Package: atbegshi-ltx 2021/01/10 v1.0c Emulation of the original atbegshi
package with kernel methods
) (C:\Users\a12l\AppData\Local\Programs\MiKTeX\tex/latex/hyperref\hyperref.sty
Package: hyperref 2025-07-12 v7.01o Hypertext links for LaTeX

(C:\Users\a12l\AppData\Local\Programs\MiKTeX\tex/latex/kvsetkeys\kvsetkeys.sty
Package: kvsetkeys 2022-10-05 v1.19 Key value parser (HO)
)
(C:\Users\a12l\AppData\Local\Programs\MiKTeX\tex/generic/kvdefinekeys\kvdefinek
eys.sty
Package: kvdefinekeys 2019-12-19 v1.6 Define keys (HO)
)
(C:\Users\a12l\AppData\Local\Programs\MiKTeX\tex/generic/pdfescape\pdfescape.st
y
Package: pdfescape 2019/12/09 v1.15 Implements pdfTeX's escape features (HO)
 (C:\Users\a12l\AppData\Local\Programs\MiKTeX\tex/generic/ltxcmds\ltxcmds.sty
Package: ltxcmds 2023-12-04 v1.26 LaTeX kernel commands for general use (HO)
)
(C:\Users\a12l\AppData\Local\Programs\MiKTeX\tex/generic/pdftexcmds\pdftexcmds.
sty
Package: pdftexcmds 2020-06-27 v0.33 Utility functions of pdfTeX for LuaTeX (HO
)

(C:\Users\a12l\AppData\Local\Programs\MiKTeX\tex/generic/infwarerr\infwarerr.st
y
Package: infwarerr 2019/12/03 v1.5 Providing info/warning/error messages (HO)
)
Package pdftexcmds Info: \pdf@primitive is available.
Package pdftexcmds Info: \pdf@ifprimitive is available.
Package pdftexcmds Info: \pdfdraftmode found.
)) (C:\Users\a12l\AppData\Local\Programs\MiKTeX\tex/latex/hycolor\hycolor.sty
Package: hycolor 2020-01-27 v1.10 Color options for hyperref/bookmark (HO)
) (C:\Users\a12l\AppData\Local\Programs\MiKTeX\tex/latex/hyperref\nameref.sty
Package: nameref 2025-06-21 v2.57 Cross-referencing by name of section

(C:\Users\a12l\AppData\Local\Programs\MiKTeX\tex/latex/refcount\refcount.sty
Package: refcount 2019/12/15 v3.6 Data extraction from label references (HO)
)
(C:\Users\a12l\AppData\Local\Programs\MiKTeX\tex/generic/gettitlestring\gettitl
estring.sty
Package: gettitlestring 2019/12/15 v1.6 Cleanup title references (HO)

(C:\Users\a12l\AppData\Local\Programs\MiKTeX\tex/latex/kvoptions\kvoptions.sty
Package: kvoptions 2022-06-15 v3.15 Key value format for package options (HO)
))
\c@section@level=\count322
)
(C:\Users\a12l\AppData\Local\Programs\MiKTeX\tex/generic/stringenc\stringenc.st
y
Package: stringenc 2019/11/29 v1.12 Convert strings between diff. encodings (HO
)
)
\@linkdim=\dimen275
\Hy@linkcounter=\count323
\Hy@pagecounter=\count324
 (C:\Users\a12l\AppData\Local\Programs\MiKTeX\tex/latex/hyperref\pd1enc.def
File: pd1enc.def 2025-07-12 v7.01o Hyperref: PDFDocEncoding definition (HO)
Now handling font encoding PD1 ...
... no UTF-8 mapping file for font encoding PD1
)
(C:\Users\a12l\AppData\Local\Programs\MiKTeX\tex/generic/intcalc\intcalc.sty
Package: intcalc 2019/12/15 v1.3 Expandable calculations with integers (HO)
)
\Hy@SavedSpaceFactor=\count325

(C:\Users\a12l\AppData\Local\Programs\MiKTeX\tex/latex/hyperref\puenc.def
File: puenc.def 2025-07-12 v7.01o Hyperref: PDF Unicode definition (HO)
Now handling font encoding PU ...
... no UTF-8 mapping file for font encoding PU
)
Package hyperref Info: Option `bookmarks' set `true' on input line 4066.
Package hyperref Info: Option `bookmarksopen' set `true' on input line 4066.
Package hyperref Info: Option `implicit' set `false' on input line 4066.
Package hyperref Info: Hyper figures OFF on input line 4195.
Package hyperref Info: Link nesting OFF on input line 4200.
Package hyperref Info: Hyper index ON on input line 4203.
Package hyperref Info: Plain pages OFF on input line 4210.
Package hyperref Info: Backreferencing OFF on input line 4215.
Package hyperref Info: Implicit mode OFF; no redefinition of LaTeX internals.
Package hyperref Info: Bookmarks ON on input line 4462.
\c@Hy@tempcnt=\count326

(C:\Users\a12l\AppData\Local\Programs\MiKTeX\tex/latex/url\url.sty
\Urlmuskip=\muskip17
Package: url 2013/09/16  ver 3.4  Verb mode for urls, etc.
)
LaTeX Info: Redefining \url on input line 4801.
\XeTeXLinkMargin=\dimen276

(C:\Users\a12l\AppData\Local\Programs\MiKTeX\tex/generic/bitset\bitset.sty
Package: bitset 2019/12/09 v1.3 Handle bit-vector datatype (HO)

(C:\Users\a12l\AppData\Local\Programs\MiKTeX\tex/generic/bigintcalc\bigintcalc.
sty
Package: bigintcalc 2019/12/15 v1.5 Expandable calculations on big integers (HO
)
))
\Fld@menulength=\count327
\Field@Width=\dimen277
\Fld@charsize=\dimen278
Package hyperref Info: Hyper figures OFF on input line 6078.
Package hyperref Info: Link nesting OFF on input line 6083.
Package hyperref Info: Hyper index ON on input line 6086.
Package hyperref Info: backreferencing OFF on input line 6093.
Package hyperref Info: Link coloring OFF on input line 6098.
Package hyperref Info: Link coloring with OCG OFF on input line 6103.
Package hyperref Info: PDF/A mode OFF on input line 6108.
\Hy@abspage=\count328


Package hyperref Message: Stopped early.

)
Package hyperref Info: Driver (autodetected): hpdftex.
 (C:\Users\a12l\AppData\Local\Programs\MiKTeX\tex/latex/hyperref\hpdftex.def
File: hpdftex.def 2025-07-12 v7.01o Hyperref driver for pdfTeX
\Fld@listcount=\count329
\c@bookmark@seq@number=\count330

(C:\Users\a12l\AppData\Local\Programs\MiKTeX\tex/latex/rerunfilecheck\rerunfile
check.sty
Package: rerunfilecheck 2025-06-21 v1.11 Rerun checks for auxiliary files (HO)

(C:\Users\a12l\AppData\Local\Programs\MiKTeX\tex/generic/uniquecounter\uniqueco
unter.sty
Package: uniquecounter 2019/12/15 v1.4 Provide unlimited unique counter (HO)
)
Package uniquecounter Info: New unique counter `rerunfilecheck' on input line 2
84.
))
(C:\Users\a12l\AppData\Local\Programs\MiKTeX\tex/latex/beamer\beamerbaserequire
s.sty
(C:\Users\a12l\AppData\Local\Programs\MiKTeX\tex/latex/beamer\beamerbasecompati
bility.sty)
(C:\Users\a12l\AppData\Local\Programs\MiKTeX\tex/latex/beamer\beamerbasefont.st
y (C:\Users\a12l\AppData\Local\Programs\MiKTeX\tex/latex/amsfonts\amssymb.sty
Package: amssymb 2013/01/14 v3.01 AMS font symbols

(C:\Users\a12l\AppData\Local\Programs\MiKTeX\tex/latex/amsfonts\amsfonts.sty
Package: amsfonts 2013/01/14 v3.01 Basic AMSFonts support
\@emptytoks=\toks29
\symAMSa=\mathgroup4
\symAMSb=\mathgroup5
LaTeX Font Info:    Redeclaring math symbol \hbar on input line 98.
LaTeX Font Info:    Overwriting math alphabet `\mathfrak' in version `bold'
(Font)                  U/euf/m/n --> U/euf/b/n on input line 106.
))
(C:\Users\a12l\AppData\Local\Programs\MiKTeX\tex/latex/sansmathaccent\sansmatha
ccent.sty
Package: sansmathaccent 2020/01/31

(C:\Users\a12l\AppData\Local\Programs\MiKTeX\tex/latex/koma-script\scrlfile.sty
Package: scrlfile 2026/02/02 v3.49.2 KOMA-Script package (file load hooks)

(C:\Users\a12l\AppData\Local\Programs\MiKTeX\tex/latex/koma-script\scrlfile-hoo
k.sty
Package: scrlfile-hook 2026/02/02 v3.49.2 KOMA-Script package (using LaTeX hook
s)

(C:\Users\a12l\AppData\Local\Programs\MiKTeX\tex/latex/koma-script\scrlogo.sty
Package: scrlogo 2026/02/02 v3.49.2 KOMA-Script package (logo)
)))))
(C:\Users\a12l\AppData\Local\Programs\MiKTeX\tex/latex/beamer\beamerbasetransla
tor.sty
(C:\Users\a12l\AppData\Local\Programs\MiKTeX\tex/latex/translator\translator.st
y
Package: translator 2021-05-31 v1.12d Easy translation of strings in LaTeX
))
(C:\Users\a12l\AppData\Local\Programs\MiKTeX\tex/latex/beamer\beamerbasemisc.st
y)
(C:\Users\a12l\AppData\Local\Programs\MiKTeX\tex/latex/beamer\beamerbasetwoscre
ens.sty)
(C:\Users\a12l\AppData\Local\Programs\MiKTeX\tex/latex/beamer\beamerbaseoverlay
.sty
\beamer@argscount=\count331
\beamer@lastskipcover=\skip52
\beamer@trivlistdepth=\count332
)
(C:\Users\a12l\AppData\Local\Programs\MiKTeX\tex/latex/beamer\beamerbasetitle.s
ty)
(C:\Users\a12l\AppData\Local\Programs\MiKTeX\tex/latex/beamer\beamerbasesection
.sty
\c@lecture=\count333
\c@part=\count334
\c@section=\count335
\c@subsection=\count336
\c@subsubsection=\count337
)
(C:\Users\a12l\AppData\Local\Programs\MiKTeX\tex/latex/beamer\beamerbaseframe.s
ty
\beamer@framebox=\box68
\beamer@frametitlebox=\box69
\beamer@zoombox=\box70
\beamer@zoomcount=\count338
\beamer@zoomframecount=\count339
\beamer@frametextheight=\dimen279
\c@subsectionslide=\count340
\beamer@frametopskip=\skip53
\beamer@framebottomskip=\skip54
\beamer@frametopskipautobreak=\skip55
\beamer@framebottomskipautobreak=\skip56
\beamer@envbody=\toks30
\framewidth=\dimen280
\c@framenumber=\count341
)
(C:\Users\a12l\AppData\Local\Programs\MiKTeX\tex/latex/beamer\beamerbaseverbati
m.sty
\beamer@verbatimfileout=\write4
)
(C:\Users\a12l\AppData\Local\Programs\MiKTeX\tex/latex/beamer\beamerbaseframesi
ze.sty
\beamer@splitbox=\box71
\beamer@autobreakcount=\count342
\beamer@autobreaklastheight=\dimen281
\beamer@frametitletoks=\toks31
\beamer@framesubtitletoks=\toks32
)
(C:\Users\a12l\AppData\Local\Programs\MiKTeX\tex/latex/beamer\beamerbaseframeco
mponents.sty
\beamer@colheight=\skip57
\beamer@footins=\box72
)
(C:\Users\a12l\AppData\Local\Programs\MiKTeX\tex/latex/beamer\beamerbasecolor.s
ty)
(C:\Users\a12l\AppData\Local\Programs\MiKTeX\tex/latex/beamer\beamerbasenotes.s
ty
\beamer@frameboxcopy=\box73
)
(C:\Users\a12l\AppData\Local\Programs\MiKTeX\tex/latex/beamer\beamerbasetoc.sty
)
(C:\Users\a12l\AppData\Local\Programs\MiKTeX\tex/latex/beamer\beamerbasetemplat
es.sty
\beamer@sbttoks=\toks33

(C:\Users\a12l\AppData\Local\Programs\MiKTeX\tex/latex/beamer\beamerbaseauxtemp
lates.sty
(C:\Users\a12l\AppData\Local\Programs\MiKTeX\tex/latex/beamer\beamerbaseboxes.s
ty
\bmb@box=\box74
\bmb@colorbox=\box75
\bmb@boxwidth=\dimen282
\bmb@boxheight=\dimen283
\bmb@prevheight=\dimen284
\bmb@temp=\dimen285
\bmb@dima=\dimen286
\bmb@dimb=\dimen287
\bmb@prevheight=\dimen288
)
\beamer@blockheadheight=\dimen289
))
(C:\Users\a12l\AppData\Local\Programs\MiKTeX\tex/latex/beamer\beamerbaselocalst
ructure.sty
(C:\Users\a12l\AppData\Local\Programs\MiKTeX\tex/latex/tools\enumerate.sty
Package: enumerate 2023/07/04 v3.00 enumerate extensions (DPC)
\@enLab=\toks34
)
\beamer@bibiconwidth=\skip58
\c@figure=\count343
\c@table=\count344
\abovecaptionskip=\skip59
\belowcaptionskip=\skip60
)
(C:\Users\a12l\AppData\Local\Programs\MiKTeX\tex/latex/beamer\beamerbasenavigat
ion.sty
(C:\Users\a12l\AppData\Local\Programs\MiKTeX\tex/latex/beamer\beamerbasenavigat
ionsymbols.tex)
\beamer@section@min@dim=\dimen290
)
(C:\Users\a12l\AppData\Local\Programs\MiKTeX\tex/latex/beamer\beamerbasetheorem
s.sty
(C:\Users\a12l\AppData\Local\Programs\MiKTeX\tex/latex/amsmath\amsmath.sty
Package: amsmath 2025/07/09 v2.17z AMS math features
\@mathmargin=\skip61

For additional information on amsmath, use the `?' option.
(C:\Users\a12l\AppData\Local\Programs\MiKTeX\tex/latex/amsmath\amstext.sty
Package: amstext 2024/11/17 v2.01 AMS text

(C:\Users\a12l\AppData\Local\Programs\MiKTeX\tex/latex/amsmath\amsgen.sty
File: amsgen.sty 1999/11/30 v2.0 generic functions
\@emptytoks=\toks35
\ex@=\dimen291
))
(C:\Users\a12l\AppData\Local\Programs\MiKTeX\tex/latex/amsmath\amsbsy.sty
Package: amsbsy 1999/11/29 v1.2d Bold Symbols
\pmbraise@=\dimen292
)
(C:\Users\a12l\AppData\Local\Programs\MiKTeX\tex/latex/amsmath\amsopn.sty
Package: amsopn 2022/04/08 v2.04 operator names
)
\inf@bad=\count345
LaTeX Info: Redefining \frac on input line 233.
\uproot@=\count346
\leftroot@=\count347
LaTeX Info: Redefining \overline on input line 398.
LaTeX Info: Redefining \colon on input line 409.
\classnum@=\count348
\DOTSCASE@=\count349
LaTeX Info: Redefining \ldots on input line 495.
LaTeX Info: Redefining \dots on input line 498.
LaTeX Info: Redefining \cdots on input line 619.
\Mathstrutbox@=\box76
\strutbox@=\box77
LaTeX Info: Redefining \big on input line 721.
LaTeX Info: Redefining \Big on input line 722.
LaTeX Info: Redefining \bigg on input line 723.
LaTeX Info: Redefining \Bigg on input line 724.
\big@size=\dimen293
LaTeX Font Info:    Redeclaring font encoding OML on input line 742.
LaTeX Font Info:    Redeclaring font encoding OMS on input line 743.
\macc@depth=\count350
LaTeX Info: Redefining \bmod on input line 904.
LaTeX Info: Redefining \pmod on input line 909.
LaTeX Info: Redefining \smash on input line 939.
LaTeX Info: Redefining \relbar on input line 969.
LaTeX Info: Redefining \Relbar on input line 970.
\c@MaxMatrixCols=\count351
\dotsspace@=\muskip18
\c@parentequation=\count352
\dspbrk@lvl=\count353
\tag@help=\toks36
\row@=\count354
\column@=\count355
\maxfields@=\count356
\andhelp@=\toks37
\eqnshift@=\dimen294
\alignsep@=\dimen295
\tagshift@=\dimen296
\tagwidth@=\dimen297
\totwidth@=\dimen298
\lineht@=\dimen299
\@envbody=\toks38
\multlinegap=\skip62
\multlinetaggap=\skip63
\mathdisplay@stack=\toks39
LaTeX Info: Redefining \[ on input line 2950.
LaTeX Info: Redefining \] on input line 2951.
)
(C:\Users\a12l\AppData\Local\Programs\MiKTeX\tex/latex/amscls\amsthm.sty
Package: amsthm 2020/05/29 v2.20.6
\thm@style=\toks40
\thm@bodyfont=\toks41
\thm@headfont=\toks42
\thm@notefont=\toks43
\thm@headpunct=\toks44
\thm@preskip=\skip64
\thm@postskip=\skip65
\thm@headsep=\skip66
\dth@everypar=\toks45
)
\c@theorem=\count357
)
(C:\Users\a12l\AppData\Local\Programs\MiKTeX\tex/latex/beamer\beamerbasethemes.
sty))
(C:\Users\a12l\AppData\Local\Programs\MiKTeX\tex/latex/beamer\beamerthemedefaul
t.sty
(C:\Users\a12l\AppData\Local\Programs\MiKTeX\tex/latex/beamer\beamerfontthemede
fault.sty)
(C:\Users\a12l\AppData\Local\Programs\MiKTeX\tex/latex/beamer\beamercolorthemed
efault.sty)
(C:\Users\a12l\AppData\Local\Programs\MiKTeX\tex/latex/beamer\beamerinnerthemed
efault.sty
\beamer@dima=\dimen300
\beamer@dimb=\dimen301
)
(C:\Users\a12l\AppData\Local\Programs\MiKTeX\tex/latex/beamer\beamerouterthemed
efault.sty)))
(C:\Users\a12l\AppData\Local\Programs\MiKTeX\tex/generic/babel\babel.sty
Package: babel 2025/12/11 v25.17 The multilingual framework for LuaLaTeX, pdfLa
TeX and XeLaTeX
\babel@savecnt=\count358
LaTeX Encoding Info:    Redeclaring text command \ij (encoding OT1) on input li
ne 2068.
LaTeX Encoding Info:    Redeclaring text command \IJ (encoding OT1) on input li
ne 2070.
LaTeX Encoding Info:    Redeclaring text command \ij (encoding T1) on input lin
e 2072.
LaTeX Encoding Info:    Redeclaring text command \IJ (encoding T1) on input lin
e 2073.
LaTeX Encoding Info:    Ignoring declaration for text command \ij (encoding ?) 
on input line 2074.
LaTeX Encoding Info:    Ignoring declaration for text command \IJ (encoding ?) 
on input line 2076.
LaTeX Encoding Info:    Ignoring declaration for text command \SS (encoding ?) 
on input line 2101.
\U@D=\dimen302
\l@unhyphenated=\language79

(C:\Users\a12l\AppData\Local\Programs\MiKTeX\tex/generic/babel\txtbabel.def)
\bbl@readstream=\read3
LaTeX Info: Redefining \textlatin on input line 3963.
\bbl@dirlevel=\count359
Package babel Info: Configuration files are deprecated, as
(babel)             they can break document portability.
(babel)             Reported on input line 4196.

*************************************
* Local config file bblopts.cfg used
*
(C:\Users\a12l\AppData\Local\Programs\MiKTeX\tex/latex/arabi\bblopts.cfg
File: bblopts.cfg 2005/09/08 v0.1 add Arabic and Farsi to "declared" options of
 babel
)
(C:\Users\a12l\AppData\Local\Programs\MiKTeX\tex/generic/babel/locale/en\babel-
english.tex)
(C:\Users\a12l\AppData\Local\Programs\MiKTeX\tex/generic/babel/locale/ru\babel-
russian.tex)
Package babel Info: Importing font and identification data for english
(babel)             from babel-en.ini. Reported on input line 4320.

(C:\Users\a12l\AppData\Local\Programs\MiKTeX\tex/latex/babel-english\english.ld
f
Language: english 2017/06/06 v3.3r English support from the babel system
Package babel Info: Hyphen rules for 'canadian' set to \l@english
(babel)             (\language0). Reported on input line 102.
Package babel Info: Hyphen rules for 'australian' set to \l@ukenglish
(babel)             (\language73). Reported on input line 105.
Package babel Info: Hyphen rules for 'newzealand' set to \l@ukenglish
(babel)             (\language73). Reported on input line 108.
)
Package babel Info: Importing font and identification data for russian
(babel)             from babel-ru.ini. Reported on input line 4320.

(C:\Users\a12l\AppData\Local\Programs\MiKTeX\tex/latex/babel-russian\russianb.l
df
File: russianb.ldf 2021/01/10 1.3m Russian support for the Babel system
Language: russian 2020/09/09 1.3k Russian support for the Babel system


Package babel Warning: No Cyrillic font encoding has been loaded so far.
(babel)                A font encoding should be declared before babel.
(babel)                Default `T2A' encoding will be loaded  on input line 78.


(C:\Users\a12l\AppData\Local\Programs\MiKTeX\tex/latex/cyrillic\t2aenc.def
File: t2aenc.def 2023/11/07 v1.0k Cyrillic encoding definition file
Now handling font encoding T2A ...
... processing UTF-8 mapping file for font encoding T2A

(C:\Users\a12l\AppData\Local\Programs\MiKTeX\tex/latex/base\t2aenc.dfu
File: t2aenc.dfu 2022/06/07 v1.3c UTF-8 support
   defining Unicode char U+00A4 (decimal 164)
   defining Unicode char U+00A7 (decimal 167)
   defining Unicode char U+00AB (decimal 171)
   defining Unicode char U+00BB (decimal 187)
   defining Unicode char U+0131 (decimal 305)
   defining Unicode char U+0237 (decimal 567)
   defining Unicode char U+0400 (decimal 1024)
   defining Unicode char U+0401 (decimal 1025)
   defining Unicode char U+0402 (decimal 1026)
   defining Unicode char U+0403 (decimal 1027)
   defining Unicode char U+0404 (decimal 1028)
   defining Unicode char U+0405 (decimal 1029)
   defining Unicode char U+0406 (decimal 1030)
   defining Unicode char U+0407 (decimal 1031)
   defining Unicode char U+0408 (decimal 1032)
   defining Unicode char U+0409 (decimal 1033)
   defining Unicode char U+040A (decimal 1034)
   defining Unicode char U+040B (decimal 1035)
   defining Unicode char U+040C (decimal 1036)
   defining Unicode char U+040D (decimal 1037)
   defining Unicode char U+040E (decimal 1038)
   defining Unicode char U+040F (decimal 1039)
   defining Unicode char U+0410 (decimal 1040)
   defining Unicode char U+0411 (decimal 1041)
   defining Unicode char U+0412 (decimal 1042)
   defining Unicode char U+0413 (decimal 1043)
   defining Unicode char U+0414 (decimal 1044)
   defining Unicode char U+0415 (decimal 1045)
   defining Unicode char U+0416 (decimal 1046)
   defining Unicode char U+0417 (decimal 1047)
   defining Unicode char U+0418 (decimal 1048)
   defining Unicode char U+0419 (decimal 1049)
   defining Unicode char U+041A (decimal 1050)
   defining Unicode char U+041B (decimal 1051)
   defining Unicode char U+041C (decimal 1052)
   defining Unicode char U+041D (decimal 1053)
   defining Unicode char U+041E (decimal 1054)
   defining Unicode char U+041F (decimal 1055)
   defining Unicode char U+0420 (decimal 1056)
   defining Unicode char U+0421 (decimal 1057)
   defining Unicode char U+0422 (decimal 1058)
   defining Unicode char U+0423 (decimal 1059)
   defining Unicode char U+0424 (decimal 1060)
   defining Unicode char U+0425 (decimal 1061)
   defining Unicode char U+0426 (decimal 1062)
   defining Unicode char U+0427 (decimal 1063)
   defining Unicode char U+0428 (decimal 1064)
   defining Unicode char U+0429 (decimal 1065)
   defining Unicode char U+042A (decimal 1066)
   defining Unicode char U+042B (decimal 1067)
   defining Unicode char U+042C (decimal 1068)
   defining Unicode char U+042D (decimal 1069)
   defining Unicode char U+042E (decimal 1070)
   defining Unicode char U+042F (decimal 1071)
   defining Unicode char U+0430 (decimal 1072)
   defining Unicode char U+0431 (decimal 1073)
   defining Unicode char U+0432 (decimal 1074)
   defining Unicode char U+0433 (decimal 1075)
   defining Unicode char U+0434 (decimal 1076)
   defining Unicode char U+0435 (decimal 1077)
   defining Unicode char U+0436 (decimal 1078)
   defining Unicode char U+0437 (decimal 1079)
   defining Unicode char U+0438 (decimal 1080)
   defining Unicode char U+0439 (decimal 1081)
   defining Unicode char U+043A (decimal 1082)
   defining Unicode char U+043B (decimal 1083)
   defining Unicode char U+043C (decimal 1084)
   defining Unicode char U+043D (decimal 1085)
   defining Unicode char U+043E (decimal 1086)
   defining Unicode char U+043F (decimal 1087)
   defining Unicode char U+0440 (decimal 1088)
   defining Unicode char U+0441 (decimal 1089)
   defining Unicode char U+0442 (decimal 1090)
   defining Unicode char U+0443 (decimal 1091)
   defining Unicode char U+0444 (decimal 1092)
   defining Unicode char U+0445 (decimal 1093)
   defining Unicode char U+0446 (decimal 1094)
   defining Unicode char U+0447 (decimal 1095)
   defining Unicode char U+0448 (decimal 1096)
   defining Unicode char U+0449 (decimal 1097)
   defining Unicode char U+044A (decimal 1098)
   defining Unicode char U+044B (decimal 1099)
   defining Unicode char U+044C (decimal 1100)
   defining Unicode char U+044D (decimal 1101)
   defining Unicode char U+044E (decimal 1102)
   defining Unicode char U+044F (decimal 1103)
   defining Unicode char U+0450 (decimal 1104)
   defining Unicode char U+0451 (decimal 1105)
   defining Unicode char U+0452 (decimal 1106)
   defining Unicode char U+0453 (decimal 1107)
   defining Unicode char U+0454 (decimal 1108)
   defining Unicode char U+0455 (decimal 1109)
   defining Unicode char U+0456 (decimal 1110)
   defining Unicode char U+0457 (decimal 1111)
   defining Unicode char U+0458 (decimal 1112)
   defining Unicode char U+0459 (decimal 1113)
   defining Unicode char U+045A (decimal 1114)
   defining Unicode char U+045B (decimal 1115)
   defining Unicode char U+045C (decimal 1116)
   defining Unicode char U+045D (decimal 1117)
   defining Unicode char U+045E (decimal 1118)
   defining Unicode char U+045F (decimal 1119)
   defining Unicode char U+0490 (decimal 1168)
   defining Unicode char U+0491 (decimal 1169)
   defining Unicode char U+0492 (decimal 1170)
   defining Unicode char U+0493 (decimal 1171)
   defining Unicode char U+0496 (decimal 1174)
   defining Unicode char U+0497 (decimal 1175)
   defining Unicode char U+0498 (decimal 1176)
   defining Unicode char U+0499 (decimal 1177)
   defining Unicode char U+049A (decimal 1178)
   defining Unicode char U+049B (decimal 1179)
   defining Unicode char U+049C (decimal 1180)
   defining Unicode char U+049D (decimal 1181)
   defining Unicode char U+04A0 (decimal 1184)
   defining Unicode char U+04A1 (decimal 1185)
   defining Unicode char U+04A2 (decimal 1186)
   defining Unicode char U+04A3 (decimal 1187)
   defining Unicode char U+04A4 (decimal 1188)
   defining Unicode char U+04A5 (decimal 1189)
   defining Unicode char U+04AA (decimal 1194)
   defining Unicode char U+04AB (decimal 1195)
   defining Unicode char U+04AE (decimal 1198)
   defining Unicode char U+04AF (decimal 1199)
   defining Unicode char U+04B0 (decimal 1200)
   defining Unicode char U+04B1 (decimal 1201)
   defining Unicode char U+04B2 (decimal 1202)
   defining Unicode char U+04B3 (decimal 1203)
   defining Unicode char U+04B6 (decimal 1206)
   defining Unicode char U+04B7 (decimal 1207)
   defining Unicode char U+04B8 (decimal 1208)
   defining Unicode char U+04B9 (decimal 1209)
   defining Unicode char U+04BA (decimal 1210)
   defining Unicode char U+04BB (decimal 1211)
   defining Unicode char U+04C0 (decimal 1216)
   defining Unicode char U+04C1 (decimal 1217)
   defining Unicode char U+04C2 (decimal 1218)
   defining Unicode char U+04D0 (decimal 1232)
   defining Unicode char U+04D1 (decimal 1233)
   defining Unicode char U+04D2 (decimal 1234)
   defining Unicode char U+04D3 (decimal 1235)
   defining Unicode char U+04D4 (decimal 1236)
   defining Unicode char U+04D5 (decimal 1237)
   defining Unicode char U+04D6 (decimal 1238)
   defining Unicode char U+04D7 (decimal 1239)
   defining Unicode char U+04D8 (decimal 1240)
   defining Unicode char U+04D9 (decimal 1241)
   defining Unicode char U+04DA (decimal 1242)
   defining Unicode char U+04DB (decimal 1243)
   defining Unicode char U+04DC (decimal 1244)
   defining Unicode char U+04DD (decimal 1245)
   defining Unicode char U+04DE (decimal 1246)
   defining Unicode char U+04DF (decimal 1247)
   defining Unicode char U+04E2 (decimal 1250)
   defining Unicode char U+04E3 (decimal 1251)
   defining Unicode char U+04E4 (decimal 1252)
   defining Unicode char U+04E5 (decimal 1253)
   defining Unicode char U+04E6 (decimal 1254)
   defining Unicode char U+04E7 (decimal 1255)
   defining Unicode char U+04E8 (decimal 1256)
   defining Unicode char U+04E9 (decimal 1257)
   defining Unicode char U+04EC (decimal 1260)
   defining Unicode char U+04ED (decimal 1261)
   defining Unicode char U+04EE (decimal 1262)
   defining Unicode char U+04EF (decimal 1263)
   defining Unicode char U+04F0 (decimal 1264)
   defining Unicode char U+04F1 (decimal 1265)
   defining Unicode char U+04F2 (decimal 1266)
   defining Unicode char U+04F3 (decimal 1267)
   defining Unicode char U+04F4 (decimal 1268)
   defining Unicode char U+04F5 (decimal 1269)
   defining Unicode char U+04F8 (decimal 1272)
   defining Unicode char U+04F9 (decimal 1273)
   defining Unicode char U+200C (decimal 8204)
   defining Unicode char U+2013 (decimal 8211)
   defining Unicode char U+2014 (decimal 8212)
   defining Unicode char U+2018 (decimal 8216)
   defining Unicode char U+2019 (decimal 8217)
   defining Unicode char U+201C (decimal 8220)
   defining Unicode char U+201D (decimal 8221)
   defining Unicode char U+201E (decimal 8222)
   defining Unicode char U+2030 (decimal 8240)
   defining Unicode char U+2031 (decimal 8241)
   defining Unicode char U+2116 (decimal 8470)
   defining Unicode char U+2329 (decimal 9001)
   defining Unicode char U+3008 (decimal 12296)
   defining Unicode char U+232A (decimal 9002)
   defining Unicode char U+3009 (decimal 12297)
   defining Unicode char U+2423 (decimal 9251)
   defining Unicode char U+27E8 (decimal 10216)
   defining Unicode char U+27E9 (decimal 10217)
   defining Unicode char U+FB00 (decimal 64256)
   defining Unicode char U+FB01 (decimal 64257)
   defining Unicode char U+FB02 (decimal 64258)
   defining Unicode char U+FB03 (decimal 64259)
   defining Unicode char U+FB04 (decimal 64260)
   defining Unicode char U+FB05 (decimal 64261)
   defining Unicode char U+FB06 (decimal 64262)
))
Package babel Info: Making " an active character on input line 124.
Package babel Info: Default for \cyrdash is provided on input line 163.
))
(C:\Users\a12l\AppData\Local\Programs\MiKTeX\tex/latex/base\inputenc.sty
Package: inputenc 2024/02/08 v1.3d Input encoding file
\inpenc@prehook=\toks46
\inpenc@posthook=\toks47

(C:\Users\a12l\AppData\Local\Programs\MiKTeX\tex/latex/cyrillic\cp1251.def
File: cp1251.def 2022/06/11 v1.0e Input encoding file
LaTeX Encoding Info:    Ignoring declaration for text command \textdegree (enco
ding ?) on input line 42.
LaTeX Encoding Info:    Ignoring declaration for text command \textbrokenbar (e
ncoding ?) on input line 43.
LaTeX Encoding Info:    Ignoring declaration for text command \texteuro (encodi
ng ?) on input line 45.
))
(C:\Users\a12l\AppData\Local\Programs\MiKTeX\tex/latex/caption\caption.sty
Package: caption 2023/08/05 v3.6o Customizing captions (AR)

(C:\Users\a12l\AppData\Local\Programs\MiKTeX\tex/latex/caption\caption3.sty
Package: caption3 2023/07/31 v2.4d caption3 kernel (AR)
\caption@tempdima=\dimen303
\captionmargin=\dimen304
\caption@leftmargin=\dimen305
\caption@rightmargin=\dimen306
\caption@width=\dimen307
\caption@indent=\dimen308
\caption@parindent=\dimen309
\caption@hangindent=\dimen310
Package caption Info: beamer document class detected.

(C:\Users\a12l\AppData\Local\Programs\MiKTeX\tex/latex/caption\caption-beamer.s
to
File: caption-beamer.sto 2022/01/06 v2.0c Adaption of the caption package to th
e beamer document classes (AR)
))
\c@caption@flags=\count360
\c@continuedfloat=\count361
Package caption Info: hyperref package is loaded.
Package caption Info: Hyperref support is turned off
(caption)             because hyperref has stopped early.
)
(C:\Users\a12l\AppData\Local\Programs\MiKTeX\tex/latex/enumitem\enumitem.sty
Package: enumitem 2025/02/06 v3.11 Customized lists
\labelindent=\skip67
\enit@outerparindent=\dimen311
\enit@toks=\toks48
\enit@inbox=\box78
\enit@count@id=\count362
\enitdp@description=\count363
)
(C:\Users\a12l\AppData\Local\Programs\MiKTeX\tex/latex/comment\comment.sty
\CommentStream=\write5

Excluding comment 'comment')
(C:\Users\a12l\AppData\Local\Programs\MiKTeX\tex/latex/psnfss\pifont.sty
Package: pifont 2020/03/25 PSNFSS-v9.3 Pi font support (SPQR) 
LaTeX Font Info:    Trying to load font information for U+pzd on input line 63.


(C:\Users\a12l\AppData\Local\Programs\MiKTeX\tex/latex/psnfss\upzd.fd
File: upzd.fd 2001/06/04 font definitions for U/pzd.
)
LaTeX Font Info:    Trying to load font information for U+psy on input line 64.


(C:\Users\a12l\AppData\Local\Programs\MiKTeX\tex/latex/psnfss\upsy.fd
File: upsy.fd 2001/06/04 font definitions for U/psy.
))
(C:\Users\a12l\AppData\Local\Programs\MiKTeX\tex/latex/setspace\setspace.sty
Package: setspace 2022/12/04 v6.7b set line spacing
)
(C:\Users\a12l\AppData\Local\Programs\MiKTeX\tex/latex/blindtext\blindtext.sty
Package: blindtext 2012/01/06 V2.0 blindtext-Package

(C:\Users\a12l\AppData\Local\Programs\MiKTeX\tex/latex/tools\xspace.sty
Package: xspace 2014/10/28 v1.13 Space after command names (DPC,MH)
)
\c@blindtext=\count364
\c@Blindtext=\count365
\c@blind@countparstart=\count366
\blind@countxx=\count367
\blindtext@numBlindtext=\count368
\blind@countyy=\count369
\c@blindlist=\count370
\c@blindlistlevel=\count371
\c@blindlist@level=\count372
\blind@listitem=\count373
\c@blind@listcount=\count374
\c@blind@levelcount=\count375
\blind@mathformula=\count376
\blind@Mathformula=\count377
\c@blind@randomcount=\count378
\c@blind@randommax=\count379
\c@blind@pangramcount=\count380
\c@blind@pangrammax=\count381
)
(C:\Users\a12l\AppData\Local\Programs\MiKTeX\tex/latex/epstopdf-pkg\epstopdf.st
y
Package: epstopdf 2020-01-24 v2.11 Conversion with epstopdf on the fly (HO)
 (C:\Users\a12l\AppData\Local\Programs\MiKTeX\tex/latex/grfext\grfext.sty
Package: grfext 2019/12/03 v1.3 Manage graphics extensions (HO)
)
(C:\Users\a12l\AppData\Local\Programs\MiKTeX\tex/latex/epstopdf-pkg\epstopdf-ba
se.sty
Package: epstopdf-base 2020-01-24 v2.11 Base part for package epstopdf
Package epstopdf-base Info: Redefining graphics rule for `.eps' on input line 4
85.
Package grfext Info: Graphics extension search list:
(grfext)             [.pdf,.png,.jpg,.mps,.jpeg,.jbig2,.jb2,.PDF,.PNG,.JPG,.JPE
G,.JBIG2,.JB2,.eps]
(grfext)             \AppendGraphicsExtensions on input line 504.

(C:\Users\a12l\AppData\Local\Programs\MiKTeX\tex/latex/00miktex\epstopdf-sys.cf
g
File: epstopdf-sys.cfg 2021/03/18 v2.0 Configuration of epstopdf for MiKTeX
)))
(C:\Users\a12l\AppData\Local\Programs\MiKTeX\tex/latex/caption\subcaption.sty
Package: subcaption 2023/07/28 v1.6b Sub-captions (AR)
Package caption Info: New subtype `subfigure' on input line 238.
\c@subfigure=\count382
Package caption Info: New subtype `subtable' on input line 238.
\c@subtable=\count383
)
(C:\Users\a12l\AppData\Local\Programs\MiKTeX\tex/latex/beamer\beamerthemeWarsaw
.sty
(C:\Users\a12l\AppData\Local\Programs\MiKTeX\tex/latex/beamer\beamerinnerthemer
ounded.sty)
(C:\Users\a12l\AppData\Local\Programs\MiKTeX\tex/latex/beamer\beamerouterthemes
hadow.sty
(C:\Users\a12l\AppData\Local\Programs\MiKTeX\tex/latex/beamer\beamerouterthemes
plit.sty))
(C:\Users\a12l\AppData\Local\Programs\MiKTeX\tex/latex/beamer\beamercolorthemeo
rchid.sty)
(C:\Users\a12l\AppData\Local\Programs\MiKTeX\tex/latex/beamer\beamercolorthemew
hale.sty))
(C:\Users\a12l\AppData\Local\Programs\MiKTeX\tex/latex/beamer\beamerfontthemest
ructurebold.sty)
(C:\Users\a12l\AppData\Local\Programs\MiKTeX\tex/latex/l3backend\l3backend-pdft
ex.def
File: l3backend-pdftex.def 2025-10-09 L3 backend support: PDF output (pdfTeX)
\l__color_backend_stack_int=\count384
) (YarkovSRPres.aux
LaTeX Font Info:    Trying to load font information for T2A+cmss on input line 
8.

(C:\Users\a12l\AppData\Local\Programs\MiKTeX\tex/latex/cyrillic\t2acmss.fd
File: t2acmss.fd 2001/08/11 v1.0a Computer Modern Cyrillic font definitions
)
Package babel Info: 'russian' activates 'russian' shorthands.
(babel)             Reported on input line 8.
)
\openout1 = `YarkovSRPres.aux'.

LaTeX Font Info:    Checking defaults for OML/cmm/m/it on input line 46.
LaTeX Font Info:    ... okay on input line 46.
LaTeX Font Info:    Checking defaults for OMS/cmsy/m/n on input line 46.
LaTeX Font Info:    ... okay on input line 46.
LaTeX Font Info:    Checking defaults for OT1/cmr/m/n on input line 46.
LaTeX Font Info:    ... okay on input line 46.
LaTeX Font Info:    Checking defaults for T1/cmr/m/n on input line 46.
LaTeX Font Info:    ... okay on input line 46.
LaTeX Font Info:    Checking defaults for TS1/cmr/m/n on input line 46.
LaTeX Font Info:    ... okay on input line 46.
LaTeX Font Info:    Checking defaults for OMX/cmex/m/n on input line 46.
LaTeX Font Info:    ... okay on input line 46.
LaTeX Font Info:    Checking defaults for U/cmr/m/n on input line 46.
LaTeX Font Info:    ... okay on input line 46.
LaTeX Font Info:    Checking defaults for PD1/pdf/m/n on input line 46.
LaTeX Font Info:    ... okay on input line 46.
LaTeX Font Info:    Checking defaults for PU/pdf/m/n on input line 46.
LaTeX Font Info:    ... okay on input line 46.
LaTeX Font Info:    Checking defaults for T2A/cmr/m/n on input line 46.
LaTeX Font Info:    Trying to load font information for T2A+cmr on input line 4
6.

(C:\Users\a12l\AppData\Local\Programs\MiKTeX\tex/latex/cyrillic\t2acmr.fd
File: t2acmr.fd 2001/08/11 v1.0a Computer Modern Cyrillic font definitions
)
LaTeX Font Info:    ... okay on input line 46.

*geometry* driver: auto-detecting
*geometry* detected driver: pdftex
*geometry* verbose mode - [ preamble ] result:
* driver: pdftex
* paper: custom
* layout: <same size as paper>
* layoutoffset:(h,v)=(0.0pt,0.0pt)
* modes: includehead includefoot 
* h-part:(L,W,R)=(28.45274pt, 307.28987pt, 28.45274pt)
* v-part:(T,H,B)=(0.0pt, 273.14662pt, 0.0pt)
* \paperwidth=364.19536pt
* \paperheight=273.14662pt
* \textwidth=307.28987pt
* \textheight=244.6939pt
* \oddsidemargin=-43.81725pt
* \evensidemargin=-43.81725pt
* \topmargin=-72.26999pt
* \headheight=14.22636pt
* \headsep=0.0pt
* \topskip=11.0pt
* \footskip=14.22636pt
* \marginparwidth=4.0pt
* \marginparsep=10.0pt
* \columnsep=10.0pt
* \skip\footins=10.0pt plus 4.0pt minus 2.0pt
* \hoffset=0.0pt
* \voffset=0.0pt
* \mag=1000
* \@twocolumnfalse
* \@twosidefalse
* \@mparswitchfalse
* \@reversemarginfalse
* (1in=72.27pt=25.4mm, 1cm=28.453pt)


(C:\Users\a12l\AppData\Local\Programs\MiKTeX\tex/context/base/mkii\supp-pdf.mki
i
[Loading MPS to PDF converter (version 2006.09.02).]
\scratchcounter=\count385
\scratchdimen=\dimen312
\scratchbox=\box79
\nofMPsegments=\count386
\nofMParguments=\count387
\everyMPshowfont=\toks49
\MPscratchCnt=\count388
\MPscratchDim=\dimen313
\MPnumerator=\count389
\makeMPintoPDFobject=\count390
\everyMPtoPDFconversion=\toks50
)
Package hyperref Info: Link coloring OFF on input line 46.
 (YarkovSRPres.out) (YarkovSRPres.out)
\@outlinefile=\write6
\openout6 = `YarkovSRPres.out'.

LaTeX Font Info:    Overwriting symbol font `operators' in version `normal'
(Font)                  OT1/cmr/m/n --> OT1/cmss/m/n on input line 46.
LaTeX Font Info:    Overwriting symbol font `operators' in version `bold'
(Font)                  OT1/cmr/bx/n --> OT1/cmss/b/n on input line 46.
\symnumbers=\mathgroup6
\sympureletters=\mathgroup7
LaTeX Font Info:    Overwriting math alphabet `\mathrm' in version `normal'
(Font)                  OT1/cmss/m/n --> OT1/cmr/m/n on input line 46.
LaTeX Font Info:    Redeclaring math alphabet \mathbf on input line 46.
LaTeX Font Info:    Overwriting math alphabet `\mathbf' in version `normal'
(Font)                  OT1/cmr/bx/n --> OT1/cmss/b/n on input line 46.
LaTeX Font Info:    Overwriting math alphabet `\mathbf' in version `bold'
(Font)                  OT1/cmr/bx/n --> OT1/cmss/b/n on input line 46.
LaTeX Font Info:    Redeclaring math alphabet \mathsf on input line 46.
LaTeX Font Info:    Overwriting math alphabet `\mathsf' in version `normal'
(Font)                  OT1/cmss/m/n --> OT1/cmss/m/n on input line 46.
LaTeX Font Info:    Overwriting math alphabet `\mathsf' in version `bold'
(Font)                  OT1/cmss/bx/n --> OT1/cmss/m/n on input line 46.
LaTeX Font Info:    Redeclaring math alphabet \mathit on input line 46.
LaTeX Font Info:    Overwriting math alphabet `\mathit' in version `normal'
(Font)                  OT1/cmr/m/it --> OT1/cmss/m/it on input line 46.
LaTeX Font Info:    Overwriting math alphabet `\mathit' in version `bold'
(Font)                  OT1/cmr/bx/it --> OT1/cmss/m/it on input line 46.
LaTeX Font Info:    Redeclaring math alphabet \mathtt on input line 46.
LaTeX Font Info:    Overwriting math alphabet `\mathtt' in version `normal'
(Font)                  OT1/cmtt/m/n --> OT1/cmtt/m/n on input line 46.
LaTeX Font Info:    Overwriting math alphabet `\mathtt' in version `bold'
(Font)                  OT1/cmtt/m/n --> OT1/cmtt/m/n on input line 46.
LaTeX Font Info:    Overwriting symbol font `numbers' in version `bold'
(Font)                  OT1/cmss/m/n --> OT1/cmss/b/n on input line 46.
LaTeX Font Info:    Overwriting symbol font `pureletters' in version `bold'
(Font)                  OT1/cmss/m/it --> OT1/cmss/b/it on input line 46.
LaTeX Font Info:    Overwriting math alphabet `\mathrm' in version `bold'
(Font)                  OT1/cmss/b/n --> OT1/cmr/b/n on input line 46.
LaTeX Font Info:    Overwriting math alphabet `\mathbf' in version `bold'
(Font)                  OT1/cmss/b/n --> OT1/cmss/b/n on input line 46.
LaTeX Font Info:    Overwriting math alphabet `\mathsf' in version `bold'
(Font)                  OT1/cmss/m/n --> OT1/cmss/b/n on input line 46.
LaTeX Font Info:    Overwriting math alphabet `\mathit' in version `bold'
(Font)                  OT1/cmss/m/it --> OT1/cmss/b/it on input line 46.
LaTeX Font Info:    Overwriting math alphabet `\mathtt' in version `bold'
(Font)                  OT1/cmtt/m/n --> OT1/cmtt/b/n on input line 46.
LaTeX Font Info:    Redeclaring symbol font `pureletters' on input line 46.
LaTeX Font Info:    Overwriting symbol font `pureletters' in version `normal'
(Font)                  OT1/cmss/m/it --> OT1/mathkerncmss/m/sl on input line 4
6.
LaTeX Font Info:    Overwriting symbol font `pureletters' in version `bold'
(Font)                  OT1/cmss/b/it --> OT1/mathkerncmss/m/sl on input line 4
6.
LaTeX Font Info:    Overwriting symbol font `pureletters' in version `bold'
(Font)                  OT1/mathkerncmss/m/sl --> OT1/mathkerncmss/bx/sl on inp
ut line 46.

(C:\Users\a12l\AppData\Local\Programs\MiKTeX\tex/latex/translator\translator-ba
sic-dictionary-English.dict
Dictionary: translator-basic-dictionary, Language: English 
)
(C:\Users\a12l\AppData\Local\Programs\MiKTeX\tex/latex/translator\translator-bi
bliography-dictionary-English.dict
Dictionary: translator-bibliography-dictionary, Language: English 
)
(C:\Users\a12l\AppData\Local\Programs\MiKTeX\tex/latex/translator\translator-en
vironment-dictionary-English.dict
Dictionary: translator-environment-dictionary, Language: English 
)
(C:\Users\a12l\AppData\Local\Programs\MiKTeX\tex/latex/translator\translator-mo
nths-dictionary-English.dict
Dictionary: translator-months-dictionary, Language: English 
)
(C:\Users\a12l\AppData\Local\Programs\MiKTeX\tex/latex/translator\translator-nu
mbers-dictionary-English.dict
Dictionary: translator-numbers-dictionary, Language: English 
)
(C:\Users\a12l\AppData\Local\Programs\MiKTeX\tex/latex/translator\translator-th
eorem-dictionary-English.dict
Dictionary: translator-theorem-dictionary, Language: English 
)
LaTeX Info: Redefining \th on input line 46.
Package caption Info: Begin \AtBeginDocument code.
Package caption Info: End \AtBeginDocument code.
 (YarkovSRPres.nav)

Package hyperref Warning: Option `pdfauthor' has already been used,
(hyperref)                setting the option has no effect on input line 50.

<fig/1.jpg, id=34, 466.74374pt x 334.24875pt>
File: fig/1.jpg Graphic file (type jpg)
<use fig/1.jpg>
Package pdftex.def Info: fig/1.jpg  used on input line 75.
(pdftex.def)             Requested size: 276.559pt x 198.06187pt.
LaTeX Font Info:    Trying to load font information for U+msa on input line 75.

(C:\Users\a12l\AppData\Local\Programs\MiKTeX\tex/latex/amsfonts\umsa.fd
File: umsa.fd 2013/01/14 v3.01 AMS symbols A
)
LaTeX Font Info:    Trying to load font information for U+msb on input line 75.


(C:\Users\a12l\AppData\Local\Programs\MiKTeX\tex/latex/amsfonts\umsb.fd
File: umsb.fd 2013/01/14 v3.01 AMS symbols B
)
LaTeX Font Info:    Trying to load font information for OT1+mathkerncmss on inp
ut line 75.

(C:\Users\a12l\AppData\Local\Programs\MiKTeX\tex/latex/sansmathaccent\ot1mathke
rncmss.fd
File: ot1mathkerncmss.fd 2020/01/31 Fontinst v1.933 font definitions for OT1/ma
thkerncmss.
) [1

{C:/Users/a12l/AppData/Local/MiKTeX/fonts/map/pdftex/pdftex.map}]
[2 <./fig/1.jpg>]
Package epstopdf Info: Source file: <fig/Accretion_column.eps>
(epstopdf)                    date: 2026-06-20 16:46:27
(epstopdf)                    size: 77769 bytes
(epstopdf)             Output file: <fig/Accretion_column-eps-converted-to.pdf>

(epstopdf)                    date: 2026-06-20 16:49:07
(epstopdf)                    size: 30537 bytes
(epstopdf)             Command: <miktex-epstopdf --outfile=fig/Accretion_column
-eps-converted-to.pdf fig/Accretion_column.eps>
(epstopdf)             \includegraphics on input line 104.
Package epstopdf Info: Output file is already uptodate.
<fig/Accretion_column-eps-converted-to.pdf, id=62, 344.28625pt x 388.45125pt>
File: fig/Accretion_column-eps-converted-to.pdf Graphic file (type pdf)
<use fig/Accretion_column-eps-converted-to.pdf>
Package pdftex.def Info: fig/Accretion_column-eps-converted-to.pdf  used on inp
ut line 104.
(pdftex.def)             Requested size: 122.91406pt x 138.68059pt.
 [3

 <./fig/Accretion_column-eps-converted-to.pdf>] [4

]
LaTeX Font Info:    Font shape `OT1/cmss/b/n' in size <10> not available
(Font)              Font shape `OT1/cmss/bx/n' tried instead on input line 158.

LaTeX Font Info:    Font shape `OT1/cmss/b/n' in size <7> not available
(Font)              Font shape `OT1/cmss/bx/n' tried instead on input line 158.

LaTeX Font Info:    Font shape `OT1/cmss/b/n' in size <5> not available
(Font)              Font shape `OT1/cmss/bx/n' tried instead on input line 158.

LaTeX Font Info:    Font shape `OT1/cmss/b/n' in size <6> not available
(Font)              Font shape `OT1/cmss/bx/n' tried instead on input line 158.


[5

]
LaTeX Font Info:    Font shape `OT1/cmss/b/n' in size <9> not available
(Font)              Font shape `OT1/cmss/bx/n' tried instead on input line 184.

 [6

]
LaTeX Font Info:    Font shape `OT1/cmss/b/n' in size <10.95> not available
(Font)              Font shape `OT1/cmss/bx/n' tried instead on input line 235.

LaTeX Font Info:    Font shape `OT1/cmss/b/n' in size <8> not available
(Font)              Font shape `OT1/cmss/bx/n' tried instead on input line 235.

 [7

] [8

] [9

]
Overfull \hbox (21.79613pt too wide) detected at line 297
[] [] [][][][]
 []

[10

]
Overfull \hbox (9.63351pt too wide) detected at line 337
[]\OML/cmm/m/it/10.95 ![] \OT1/cmss/m/n/10.95 = [][]\OT1/mathkerncmss/m/sl/10.9
5 m \OT1/cmss/m/n/10.95 + \OML/cmm/m/it/10.95 !\OT1/cmss/m/n/10.95 (1 \OMS/cmsy
/m/n/10.95 ^^@ \OT1/mathkerncmss/m/sl/10.95 xx[]\OT1/cmss/m/n/10.95 ) \OMS/cmsy
/m/n/10.95 ^^@ [][] \OML/cmm/m/it/10.95 :
 []

[11

] [12

]
Overfull \hbox (16.58426pt too wide) detected at line 385
[][][][][][]
 []

[13

] [14

] [15

] [16

]
Package epstopdf Info: Source file: <fig/FDistX1tau1b005T3keVSum.eps>
(epstopdf)                    date: 2026-06-26 16:30:06
(epstopdf)                    size: 34937 bytes
(epstopdf)             Output file: <fig/FDistX1tau1b005T3keVSum-eps-converted-
to.pdf>
(epstopdf)                    date: 2026-07-01 12:06:39
(epstopdf)                    size: 13599 bytes
(epstopdf)             Command: <miktex-epstopdf --outfile=fig/FDistX1tau1b005T
3keVSum-eps-converted-to.pdf fig/FDistX1tau1b005T3keVSum.eps>
(epstopdf)             \includegraphics on input line 495.
Package epstopdf Info: Output file is already uptodate.
<fig/FDistX1tau1b005T3keVSum-eps-converted-to.pdf, id=208, 413.545pt x 272.0162
5pt>
File: fig/FDistX1tau1b005T3keVSum-eps-converted-to.pdf Graphic file (type pdf)
<use fig/FDistX1tau1b005T3keVSum-eps-converted-to.pdf>
Package pdftex.def Info: fig/FDistX1tau1b005T3keVSum-eps-converted-to.pdf  used
 on input line 495.
(pdftex.def)             Requested size: 215.10196pt x 141.49077pt.
 [17

 <./fig/FDistX1tau1b005T3keVSum-eps-converted-to.pdf>]
Package epstopdf Info: Source file: <fig/FDistX05tau1b005T3keVSum.eps>
(epstopdf)                    date: 2026-06-26 16:32:27
(epstopdf)                    size: 37631 bytes
(epstopdf)             Output file: <fig/FDistX05tau1b005T3keVSum-eps-converted
-to.pdf>
(epstopdf)                    date: 2026-07-01 12:06:40
(epstopdf)                    size: 14890 bytes
(epstopdf)             Command: <miktex-epstopdf --outfile=fig/FDistX05tau1b005
T3keVSum-eps-converted-to.pdf fig/FDistX05tau1b005T3keVSum.eps>
(epstopdf)             \includegraphics on input line 504.
Package epstopdf Info: Output file is already uptodate.
<fig/FDistX05tau1b005T3keVSum-eps-converted-to.pdf, id=221, 413.545pt x 272.016
25pt>
File: fig/FDistX05tau1b005T3keVSum-eps-converted-to.pdf Graphic file (type pdf)

<use fig/FDistX05tau1b005T3keVSum-eps-converted-to.pdf>
Package pdftex.def Info: fig/FDistX05tau1b005T3keVSum-eps-converted-to.pdf  use
d on input line 504.
(pdftex.def)             Requested size: 245.83282pt x 161.70432pt.

[18

 <./fig/FDistX05tau1b005T3keVSum-eps-converted-to.pdf>]
Package epstopdf Info: Source file: <fig/FDistX0tau1b005T3keVSum.eps>
(epstopdf)                    date: 2026-06-26 16:34:14
(epstopdf)                    size: 37615 bytes
(epstopdf)             Output file: <fig/FDistX0tau1b005T3keVSum-eps-converted-
to.pdf>
(epstopdf)                    date: 2026-07-01 12:02:50
(epstopdf)                    size: 14785 bytes
(epstopdf)             Command: <miktex-epstopdf --outfile=fig/FDistX0tau1b005T
3keVSum-eps-converted-to.pdf fig/FDistX0tau1b005T3keVSum.eps>
(epstopdf)             \includegraphics on input line 516.
Package epstopdf Info: Output file is already uptodate.
<fig/FDistX0tau1b005T3keVSum-eps-converted-to.pdf, id=233, 413.545pt x 261.9787
4pt>
File: fig/FDistX0tau1b005T3keVSum-eps-converted-to.pdf Graphic file (type pdf)
<use fig/FDistX0tau1b005T3keVSum-eps-converted-to.pdf>
Package pdftex.def Info: fig/FDistX0tau1b005T3keVSum-eps-converted-to.pdf  used
 on input line 516.
(pdftex.def)             Requested size: 245.83282pt x 155.73737pt.
 [19

 <./fig/FDistX0tau1b005T3keVSum-eps-converted-to.pdf>] [20

] [21

]
Package epstopdf Info: Source file: <fig/FDistX1tau1b005T3keVMode1.eps>
(epstopdf)                    date: 2026-03-17 11:46:26
(epstopdf)                    size: 42522 bytes
(epstopdf)             Output file: <fig/FDistX1tau1b005T3keVMode1-eps-converte
d-to.pdf>
(epstopdf)                    date: 2026-06-19 11:53:35
(epstopdf)                    size: 17121 bytes
(epstopdf)             Command: <miktex-epstopdf --outfile=fig/FDistX1tau1b005T
3keVMode1-eps-converted-to.pdf fig/FDistX1tau1b005T3keVMode1.eps>
(epstopdf)             \includegraphics on input line 549.
Package epstopdf Info: Output file is already uptodate.
<fig/FDistX1tau1b005T3keVMode1-eps-converted-to.pdf, id=261, 415.5525pt x 249.9
3375pt>
File: fig/FDistX1tau1b005T3keVMode1-eps-converted-to.pdf Graphic file (type pdf
)
<use fig/FDistX1tau1b005T3keVMode1-eps-converted-to.pdf>
Package pdftex.def Info: fig/FDistX1tau1b005T3keVMode1-eps-converted-to.pdf  us
ed on input line 549.
(pdftex.def)             Requested size: 150.57372pt x 90.56339pt.
Package epstopdf Info: Source file: <fig/FDistX05tau1b005T3keVMode1.eps>
(epstopdf)                    date: 2026-03-17 11:46:57
(epstopdf)                    size: 44427 bytes
(epstopdf)             Output file: <fig/FDistX05tau1b005T3keVMode1-eps-convert
ed-to.pdf>
(epstopdf)                    date: 2026-06-19 11:53:36
(epstopdf)                    size: 17799 bytes
(epstopdf)             Command: <miktex-epstopdf --outfile=fig/FDistX05tau1b005
T3keVMode1-eps-converted-to.pdf fig/FDistX05tau1b005T3keVMode1.eps>
(epstopdf)             \includegraphics on input line 549.
Package epstopdf Info: Output file is already uptodate.
<fig/FDistX05tau1b005T3keVMode1-eps-converted-to.pdf, id=263, 415.5525pt x 244.
915pt>
File: fig/FDistX05tau1b005T3keVMode1-eps-converted-to.pdf Graphic file (type pd
f)
<use fig/FDistX05tau1b005T3keVMode1-eps-converted-to.pdf>
Package pdftex.def Info: fig/FDistX05tau1b005T3keVMode1-eps-converted-to.pdf  u
sed on input line 549.
(pdftex.def)             Requested size: 150.57372pt x 88.74483pt.
 [22

 <./fig/FDistX1tau1b005T3keVMode1-eps-converted-to.pdf> <./fig/FDistX05tau1b005
T3keVMode1-eps-converted-to.pdf>]
Package epstopdf Info: Source file: <fig/FDistX1tau1b005T3keVMode2.eps>
(epstopdf)                    date: 2026-03-17 11:45:59
(epstopdf)                    size: 42892 bytes
(epstopdf)             Output file: <fig/FDistX1tau1b005T3keVMode2-eps-converte
d-to.pdf>
(epstopdf)                    date: 2026-06-19 11:53:37
(epstopdf)                    size: 17261 bytes
(epstopdf)             Command: <miktex-epstopdf --outfile=fig/FDistX1tau1b005T
3keVMode2-eps-converted-to.pdf fig/FDistX1tau1b005T3keVMode2.eps>
(epstopdf)             \includegraphics on input line 568.
Package epstopdf Info: Output file is already uptodate.
<fig/FDistX1tau1b005T3keVMode2-eps-converted-to.pdf, id=278, 415.5525pt x 249.9
3375pt>
File: fig/FDistX1tau1b005T3keVMode2-eps-converted-to.pdf Graphic file (type pdf
)
<use fig/FDistX1tau1b005T3keVMode2-eps-converted-to.pdf>
Package pdftex.def Info: fig/FDistX1tau1b005T3keVMode2-eps-converted-to.pdf  us
ed on input line 568.
(pdftex.def)             Requested size: 150.57372pt x 90.56339pt.
Package epstopdf Info: Source file: <fig/FDistX05tau1b005T3keVMode2.eps>
(epstopdf)                    date: 2026-03-17 11:47:25
(epstopdf)                    size: 44625 bytes
(epstopdf)             Output file: <fig/FDistX05tau1b005T3keVMode2-eps-convert
ed-to.pdf>
(epstopdf)                    date: 2026-06-19 11:53:38
(epstopdf)                    size: 17839 bytes
(epstopdf)             Command: <miktex-epstopdf --outfile=fig/FDistX05tau1b005
T3keVMode2-eps-converted-to.pdf fig/FDistX05tau1b005T3keVMode2.eps>
(epstopdf)             \includegraphics on input line 568.
Package epstopdf Info: Output file is already uptodate.
<fig/FDistX05tau1b005T3keVMode2-eps-converted-to.pdf, id=280, 415.5525pt x 244.
915pt>
File: fig/FDistX05tau1b005T3keVMode2-eps-converted-to.pdf Graphic file (type pd
f)
<use fig/FDistX05tau1b005T3keVMode2-eps-converted-to.pdf>
Package pdftex.def Info: fig/FDistX05tau1b005T3keVMode2-eps-converted-to.pdf  u
sed on input line 568.
(pdftex.def)             Requested size: 150.57372pt x 88.74483pt.
Package epstopdf Info: Source file: <fig/FDistX0tau1b005T3keVMode2.eps>
(epstopdf)                    date: 2026-04-21 10:58:23
(epstopdf)                    size: 42485 bytes
(epstopdf)             Output file: <fig/FDistX0tau1b005T3keVMode2-eps-converte
d-to.pdf>
(epstopdf)                    date: 2026-06-19 11:53:38
(epstopdf)                    size: 16863 bytes
(epstopdf)             Command: <miktex-epstopdf --outfile=fig/FDistX0tau1b005T
3keVMode2-eps-converted-to.pdf fig/FDistX0tau1b005T3keVMode2.eps>
(epstopdf)             \includegraphics on input line 568.
Package epstopdf Info: Output file is already uptodate.
<fig/FDistX0tau1b005T3keVMode2-eps-converted-to.pdf, id=282, 415.5525pt x 249.9
3375pt>
File: fig/FDistX0tau1b005T3keVMode2-eps-converted-to.pdf Graphic file (type pdf
)
<use fig/FDistX0tau1b005T3keVMode2-eps-converted-to.pdf>
Package pdftex.def Info: fig/FDistX0tau1b005T3keVMode2-eps-converted-to.pdf  us
ed on input line 568.
(pdftex.def)             Requested size: 169.01036pt x 101.64973pt.
 [23

 <./fig/FDistX1tau1b005T3keVMode2-eps-converted-to.pdf> <./fig/FDistX05tau1b005
T3keVMode2-eps-converted-to.pdf> <./fig/FDistX0tau1b005T3keVMode2-eps-converted
-to.pdf>]
Package epstopdf Info: Source file: <fig/FDistX1tau2b005T3keVMode1.eps>
(epstopdf)                    date: 2026-03-17 11:58:34
(epstopdf)                    size: 54020 bytes
(epstopdf)             Output file: <fig/FDistX1tau2b005T3keVMode1-eps-converte
d-to.pdf>
(epstopdf)                    date: 2026-06-19 11:53:39
(epstopdf)                    size: 20758 bytes
(epstopdf)             Command: <miktex-epstopdf --outfile=fig/FDistX1tau2b005T
3keVMode1-eps-converted-to.pdf fig/FDistX1tau2b005T3keVMode1.eps>
(epstopdf)             \includegraphics on input line 577.
Package epstopdf Info: Output file is already uptodate.
<fig/FDistX1tau2b005T3keVMode1-eps-converted-to.pdf, id=300, 415.5525pt x 245.9
1875pt>
File: fig/FDistX1tau2b005T3keVMode1-eps-converted-to.pdf Graphic file (type pdf
)
<use fig/FDistX1tau2b005T3keVMode1-eps-converted-to.pdf>
Package pdftex.def Info: fig/FDistX1tau2b005T3keVMode1-eps-converted-to.pdf  us
ed on input line 577.
(pdftex.def)             Requested size: 150.57372pt x 89.10854pt.
Package epstopdf Info: Source file: <fig/FDistX05tau2b005T3keVMode1.eps>
(epstopdf)                    date: 2026-03-17 11:59:10
(epstopdf)                    size: 56276 bytes
(epstopdf)             Output file: <fig/FDistX05tau2b005T3keVMode1-eps-convert
ed-to.pdf>
(epstopdf)                    date: 2026-06-19 11:53:40
(epstopdf)                    size: 21467 bytes
(epstopdf)             Command: <miktex-epstopdf --outfile=fig/FDistX05tau2b005
T3keVMode1-eps-converted-to.pdf fig/FDistX05tau2b005T3keVMode1.eps>
(epstopdf)             \includegraphics on input line 577.
Package epstopdf Info: Output file is already uptodate.
<fig/FDistX05tau2b005T3keVMode1-eps-converted-to.pdf, id=302, 415.5525pt x 240.
9pt>
File: fig/FDistX05tau2b005T3keVMode1-eps-converted-to.pdf Graphic file (type pd
f)
<use fig/FDistX05tau2b005T3keVMode1-eps-converted-to.pdf>
Package pdftex.def Info: fig/FDistX05tau2b005T3keVMode1-eps-converted-to.pdf  u
sed on input line 577.
(pdftex.def)             Requested size: 150.57372pt x 87.29001pt.
 [24

 <./fig/FDistX1tau2b005T3keVMode1-eps-converted-to.pdf> <./fig/FDistX05tau2b005
T3keVMode1-eps-converted-to.pdf>]
Package epstopdf Info: Source file: <fig/FDistX1tau2b005T3keVMode2.eps>
(epstopdf)                    date: 2026-03-17 11:58:00
(epstopdf)                    size: 54722 bytes
(epstopdf)             Output file: <fig/FDistX1tau2b005T3keVMode2-eps-converte
d-to.pdf>
(epstopdf)                    date: 2026-06-19 11:53:41
(epstopdf)                    size: 21119 bytes
(epstopdf)             Command: <miktex-epstopdf --outfile=fig/FDistX1tau2b005T
3keVMode2-eps-converted-to.pdf fig/FDistX1tau2b005T3keVMode2.eps>
(epstopdf)             \includegraphics on input line 595.
Package epstopdf Info: Output file is already uptodate.
<fig/FDistX1tau2b005T3keVMode2-eps-converted-to.pdf, id=317, 415.5525pt x 245.9
1875pt>
File: fig/FDistX1tau2b005T3keVMode2-eps-converted-to.pdf Graphic file (type pdf
)
<use fig/FDistX1tau2b005T3keVMode2-eps-converted-to.pdf>
Package pdftex.def Info: fig/FDistX1tau2b005T3keVMode2-eps-converted-to.pdf  us
ed on input line 595.
(pdftex.def)             Requested size: 150.57372pt x 89.10854pt.
Package epstopdf Info: Source file: <fig/FDistX05tau2b005T3keVMode2.eps>
(epstopdf)                    date: 2026-03-17 11:59:46
(epstopdf)                    size: 56918 bytes
(epstopdf)             Output file: <fig/FDistX05tau2b005T3keVMode2-eps-convert
ed-to.pdf>
(epstopdf)                    date: 2026-06-19 11:53:42
(epstopdf)                    size: 21709 bytes
(epstopdf)             Command: <miktex-epstopdf --outfile=fig/FDistX05tau2b005
T3keVMode2-eps-converted-to.pdf fig/FDistX05tau2b005T3keVMode2.eps>
(epstopdf)             \includegraphics on input line 595.
Package epstopdf Info: Output file is already uptodate.
<fig/FDistX05tau2b005T3keVMode2-eps-converted-to.pdf, id=319, 415.5525pt x 240.
9pt>
File: fig/FDistX05tau2b005T3keVMode2-eps-converted-to.pdf Graphic file (type pd
f)
<use fig/FDistX05tau2b005T3keVMode2-eps-converted-to.pdf>
Package pdftex.def Info: fig/FDistX05tau2b005T3keVMode2-eps-converted-to.pdf  u
sed on input line 595.
(pdftex.def)             Requested size: 150.57372pt x 87.29001pt.
Package epstopdf Info: Source file: <fig/FDistX0tau2b005T3keVMode2.eps>
(epstopdf)                    date: 2026-04-21 11:05:54
(epstopdf)                    size: 48633 bytes
(epstopdf)             Output file: <fig/FDistX0tau2b005T3keVMode2-eps-converte
d-to.pdf>
(epstopdf)                    date: 2026-06-19 11:53:43
(epstopdf)                    size: 19039 bytes
(epstopdf)             Command: <miktex-epstopdf --outfile=fig/FDistX0tau2b005T
3keVMode2-eps-converted-to.pdf fig/FDistX0tau2b005T3keVMode2.eps>
(epstopdf)             \includegraphics on input line 595.
Package epstopdf Info: Output file is already uptodate.
<fig/FDistX0tau2b005T3keVMode2-eps-converted-to.pdf, id=321, 415.5525pt x 249.9
3375pt>
File: fig/FDistX0tau2b005T3keVMode2-eps-converted-to.pdf Graphic file (type pdf
)
<use fig/FDistX0tau2b005T3keVMode2-eps-converted-to.pdf>
Package pdftex.def Info: fig/FDistX0tau2b005T3keVMode2-eps-converted-to.pdf  us
ed on input line 595.
(pdftex.def)             Requested size: 169.01036pt x 101.64973pt.
 [25

 <./fig/FDistX1tau2b005T3keVMode2-eps-converted-to.pdf> <./fig/FDistX05tau2b005
T3keVMode2-eps-converted-to.pdf> <./fig/FDistX0tau2b005T3keVMode2-eps-converted
-to.pdf>]
Package epstopdf Info: Source file: <fig/FDistX1tau2b005T3keVSum.eps>
(epstopdf)                    date: 2026-06-21 18:23:24
(epstopdf)                    size: 44749 bytes
(epstopdf)             Output file: <fig/FDistX1tau2b005T3keVSum-eps-converted-
to.pdf>
(epstopdf)                    date: 2026-06-21 20:14:03
(epstopdf)                    size: 17253 bytes
(epstopdf)             Command: <miktex-epstopdf --outfile=fig/FDistX1tau2b005T
3keVSum-eps-converted-to.pdf fig/FDistX1tau2b005T3keVSum.eps>
(epstopdf)             \includegraphics on input line 604.
Package epstopdf Info: Output file is already uptodate.
<fig/FDistX1tau2b005T3keVSum-eps-converted-to.pdf, id=340, 415.5525pt x 250.937
5pt>
File: fig/FDistX1tau2b005T3keVSum-eps-converted-to.pdf Graphic file (type pdf)
<use fig/FDistX1tau2b005T3keVSum-eps-converted-to.pdf>
Package pdftex.def Info: fig/FDistX1tau2b005T3keVSum-eps-converted-to.pdf  used
 on input line 604.
(pdftex.def)             Requested size: 245.83282pt x 148.45004pt.

Overfull \vbox (11.2472pt too high) detected at line 604
 []

[26

 <./fig/FDistX1tau2b005T3keVSum-eps-converted-to.pdf>]
Package epstopdf Info: Source file: <fig/FDistX05tau2b005T3keVSum.eps>
(epstopdf)                    date: 2026-06-21 19:21:07
(epstopdf)                    size: 44797 bytes
(epstopdf)             Output file: <fig/FDistX05tau2b005T3keVSum-eps-converted
-to.pdf>
(epstopdf)                    date: 2026-06-21 20:14:04
(epstopdf)                    size: 17385 bytes
(epstopdf)             Command: <miktex-epstopdf --outfile=fig/FDistX05tau2b005
T3keVSum-eps-converted-to.pdf fig/FDistX05tau2b005T3keVSum.eps>
(epstopdf)             \includegraphics on input line 612.
Package epstopdf Info: Output file is already uptodate.
<fig/FDistX05tau2b005T3keVSum-eps-converted-to.pdf, id=352, 415.5525pt x 244.91
5pt>
File: fig/FDistX05tau2b005T3keVSum-eps-converted-to.pdf Graphic file (type pdf)

<use fig/FDistX05tau2b005T3keVSum-eps-converted-to.pdf>
Package pdftex.def Info: fig/FDistX05tau2b005T3keVSum-eps-converted-to.pdf  use
d on input line 612.
(pdftex.def)             Requested size: 245.83282pt x 144.88724pt.

Overfull \vbox (7.68439pt too high) detected at line 612
 []

[27

 <./fig/FDistX05tau2b005T3keVSum-eps-converted-to.pdf>]
Package epstopdf Info: Source file: <fig/FDistX0tau2b005T3keVSum.eps>
(epstopdf)                    date: 2026-06-21 19:46:10
(epstopdf)                    size: 46269 bytes
(epstopdf)             Output file: <fig/FDistX0tau2b005T3keVSum-eps-converted-
to.pdf>
(epstopdf)                    date: 2026-06-21 20:14:05
(epstopdf)                    size: 17739 bytes
(epstopdf)             Command: <miktex-epstopdf --outfile=fig/FDistX0tau2b005T
3keVSum-eps-converted-to.pdf fig/FDistX0tau2b005T3keVSum.eps>
(epstopdf)             \includegraphics on input line 623.
Package epstopdf Info: Output file is already uptodate.
<fig/FDistX0tau2b005T3keVSum-eps-converted-to.pdf, id=364, 415.5525pt x 249.933
75pt>
File: fig/FDistX0tau2b005T3keVSum-eps-converted-to.pdf Graphic file (type pdf)
<use fig/FDistX0tau2b005T3keVSum-eps-converted-to.pdf>
Package pdftex.def Info: fig/FDistX0tau2b005T3keVSum-eps-converted-to.pdf  used
 on input line 623.
(pdftex.def)             Requested size: 245.83282pt x 147.85625pt.

Overfull \vbox (10.6534pt too high) detected at line 623
 []

[28

 <./fig/FDistX0tau2b005T3keVSum-eps-converted-to.pdf>]
\tf@nav=\write7
\openout7 = `YarkovSRPres.nav'.

\tf@toc=\write8
\openout8 = `YarkovSRPres.toc'.

\tf@snm=\write9
\openout9 = `YarkovSRPres.snm'.

 (YarkovSRPres.aux)
 ***********
LaTeX2e <2025-11-01>
L3 programming layer <2025-12-24>
 ***********
Package rerunfilecheck Info: File `YarkovSRPres.out' has not changed.
(rerunfilecheck)             Checksum: D41D8CD98F00B204E9800998ECF8427E;0.
 ) 
Here is how much of TeX's memory you used:
 26133 strings out of 467870
 510672 string characters out of 5418839
 895232 words of memory out of 5000000
 54382 multiletter control sequences out of 15000+600000
 653984 words of font info for 108 fonts, out of 8000000 for 9000
 1141 hyphenation exceptions out of 8191
 128i,15n,123p,489b,557s stack positions out of 10000i,1000n,20000p,200000b,200000s
 <C:\Users\a12l\AppData\Local\MiKTeX\fonts/pk/ljfour/jknappen/ec/dpi600\tcss1
095.pk> <C:\Users\a12l\AppData\Local\MiKTeX\fonts/pk/ljfour/lh/lh-t2a/dpi600\la
ss0700.pk> <C:\Users\a12l\AppData\Local\MiKTeX\fonts/pk/ljfour/lh/lh-t2a/dpi600
\lass0600.pk> <C:\Users\a12l\AppData\Local\MiKTeX\fonts/pk/ljfour/lh/lh-t2a/dpi
600\lass0900.pk> <C:\Users\a12l\AppData\Local\MiKTeX\fonts/pk/ljfour/lh/lh-t2a/
dpi600\lass1000.pk> <C:\Users\a12l\AppData\Local\MiKTeX\fonts/pk/ljfour/lh/lh-t
2a/dpi600\lasx0600.pk> <C:\Users\a12l\AppData\Local\MiKTeX\fonts/pk/ljfour/lh/l
h-t2a/dpi600\lasx1095.pk> <C:\Users\a12l\AppData\Local\MiKTeX\fonts/pk/ljfour/l
h/lh-t2a/dpi600\lass0800.pk> <C:\Users\a12l\AppData\Local\MiKTeX\fonts/pk/ljfou
r/lh/lh-t2a/dpi600\lass1095.pk> <C:\Users\a12l\AppData\Local\MiKTeX\fonts/pk/lj
four/lh/lh-t2a/dpi600\lass1440.pk><C:/Users/a12l/AppData/Local/Programs/MiKTeX/
fonts/type1/public/amsfonts/cm/cmex10.pfb><C:/Users/a12l/AppData/Local/Programs
/MiKTeX/fonts/type1/public/amsfonts/cmextra/cmex8.pfb><C:/Users/a12l/AppData/Lo
cal/Programs/MiKTeX/fonts/type1/public/amsfonts/cm/cmmi10.pfb><C:/Users/a12l/Ap
pData/Local/Programs/MiKTeX/fonts/type1/public/amsfonts/cm/cmmi5.pfb><C:/Users/
a12l/AppData/Local/Programs/MiKTeX/fonts/type1/public/amsfonts/cm/cmmi6.pfb><C:
/Users/a12l/AppData/Local/Programs/MiKTeX/fonts/type1/public/amsfonts/cm/cmmi7.
pfb><C:/Users/a12l/AppData/Local/Programs/MiKTeX/fonts/type1/public/amsfonts/cm
/cmmi8.pfb><C:/Users/a12l/AppData/Local/Programs/MiKTeX/fonts/type1/public/amsf
onts/cm/cmmi9.pfb><C:/Users/a12l/AppData/Local/Programs/MiKTeX/fonts/type1/publ
ic/amsfonts/cm/cmr10.pfb><C:/Users/a12l/AppData/Local/Programs/MiKTeX/fonts/typ
e1/public/amsfonts/cm/cmss10.pfb><C:/Users/a12l/AppData/Local/Programs/MiKTeX/f
onts/type1/public/amsfonts/cm/cmss8.pfb><C:/Users/a12l/AppData/Local/Programs/M
iKTeX/fonts/type1/public/amsfonts/cm/cmss9.pfb><C:/Users/a12l/AppData/Local/Pro
grams/MiKTeX/fonts/type1/public/amsfonts/cm/cmssbx10.pfb><C:/Users/a12l/AppData
/Local/Programs/MiKTeX/fonts/type1/public/amsfonts/cm/cmssi10.pfb><C:/Users/a12
l/AppData/Local/Programs/MiKTeX/fonts/type1/public/amsfonts/cm/cmssi8.pfb><C:/U
sers/a12l/AppData/Local/Programs/MiKTeX/fonts/type1/public/amsfonts/cm/cmssi9.p
fb><C:/Users/a12l/AppData/Local/Programs/MiKTeX/fonts/type1/public/amsfonts/cm/
cmsy10.pfb><C:/Users/a12l/AppData/Local/Programs/MiKTeX/fonts/type1/public/amsf
onts/cm/cmsy5.pfb><C:/Users/a12l/AppData/Local/Programs/MiKTeX/fonts/type1/publ
ic/amsfonts/cm/cmsy6.pfb><C:/Users/a12l/AppData/Local/Programs/MiKTeX/fonts/typ
e1/public/amsfonts/cm/cmsy7.pfb><C:/Users/a12l/AppData/Local/Programs/MiKTeX/fo
nts/type1/public/amsfonts/cm/cmsy8.pfb><C:/Users/a12l/AppData/Local/Programs/Mi
KTeX/fonts/type1/public/amsfonts/cm/cmsy9.pfb><C:/Users/a12l/AppData/Local/Prog
rams/MiKTeX/fonts/type1/public/amsfonts/symbols/msam10.pfb><C:/Users/a12l/AppDa
ta/Local/Programs/MiKTeX/fonts/type1/public/amsfonts/symbols/msbm10.pfb><C:/Use
rs/a12l/AppData/Local/Programs/MiKTeX/fonts/type1/public/amsfonts/symbols/msbm7
.pfb>
Output written on YarkovSRPres.pdf (28 pages, 761420 bytes).
PDF statistics:
 932 PDF objects out of 1000 (max. 8388607)
 62 named destinations out of 1000 (max. 500000)
 307 words of extra memory for PDF output out of 10000 (max. 10000000)

